Archive member included to satisfy reference by file (symbol)

../SoftwareSubtrator_bsp/\libhal_bsp.a(alt_load.o)
                              ../SoftwareSubtrator_bsp//obj/HAL/src/crt0.o (alt_load)
../SoftwareSubtrator_bsp/\libhal_bsp.a(alt_main.o)
                              ../SoftwareSubtrator_bsp//obj/HAL/src/crt0.o (alt_main)
../SoftwareSubtrator_bsp/\libhal_bsp.a(alt_sys_init.o)
                              ../SoftwareSubtrator_bsp/\libhal_bsp.a(alt_main.o) (alt_irq_init)
../SoftwareSubtrator_bsp/\libhal_bsp.a(altera_avalon_jtag_uart_fd.o)
                              ../SoftwareSubtrator_bsp/\libhal_bsp.a(alt_sys_init.o) (altera_avalon_jtag_uart_read_fd)
../SoftwareSubtrator_bsp/\libhal_bsp.a(altera_avalon_jtag_uart_init.o)
                              ../SoftwareSubtrator_bsp/\libhal_bsp.a(alt_sys_init.o) (altera_avalon_jtag_uart_init)
../SoftwareSubtrator_bsp/\libhal_bsp.a(altera_avalon_jtag_uart_ioctl.o)
                              ../SoftwareSubtrator_bsp/\libhal_bsp.a(altera_avalon_jtag_uart_fd.o) (altera_avalon_jtag_uart_ioctl)
../SoftwareSubtrator_bsp/\libhal_bsp.a(altera_avalon_jtag_uart_read.o)
                              ../SoftwareSubtrator_bsp/\libhal_bsp.a(altera_avalon_jtag_uart_fd.o) (altera_avalon_jtag_uart_read)
../SoftwareSubtrator_bsp/\libhal_bsp.a(altera_avalon_jtag_uart_write.o)
                              ../SoftwareSubtrator_bsp/\libhal_bsp.a(altera_avalon_jtag_uart_fd.o) (altera_avalon_jtag_uart_write)
../SoftwareSubtrator_bsp/\libhal_bsp.a(alt_alarm_start.o)
                              ../SoftwareSubtrator_bsp/\libhal_bsp.a(altera_avalon_jtag_uart_init.o) (alt_alarm_start)
../SoftwareSubtrator_bsp/\libhal_bsp.a(alt_close.o)
                              ../SoftwareSubtrator_bsp/\libhal_bsp.a(alt_main.o) (close)
../SoftwareSubtrator_bsp/\libhal_bsp.a(alt_dcache_flush_all.o)
                              ../SoftwareSubtrator_bsp/\libhal_bsp.a(alt_load.o) (alt_dcache_flush_all)
../SoftwareSubtrator_bsp/\libhal_bsp.a(alt_dev.o)
                              ../SoftwareSubtrator_bsp/\libhal_bsp.a(alt_sys_init.o) (alt_dev_list)
../SoftwareSubtrator_bsp/\libhal_bsp.a(alt_dev_llist_insert.o)
                              ../SoftwareSubtrator_bsp/\libhal_bsp.a(alt_sys_init.o) (alt_dev_llist_insert)
../SoftwareSubtrator_bsp/\libhal_bsp.a(alt_do_ctors.o)
                              ../SoftwareSubtrator_bsp/\libhal_bsp.a(alt_main.o) (_do_ctors)
../SoftwareSubtrator_bsp/\libhal_bsp.a(alt_do_dtors.o)
                              ../SoftwareSubtrator_bsp/\libhal_bsp.a(alt_main.o) (_do_dtors)
../SoftwareSubtrator_bsp/\libhal_bsp.a(alt_errno.o)
                              ../SoftwareSubtrator_bsp/\libhal_bsp.a(alt_close.o) (alt_errno)
../SoftwareSubtrator_bsp/\libhal_bsp.a(alt_icache_flush_all.o)
                              ../SoftwareSubtrator_bsp/\libhal_bsp.a(alt_load.o) (alt_icache_flush_all)
../SoftwareSubtrator_bsp/\libhal_bsp.a(alt_iic.o)
                              ../SoftwareSubtrator_bsp/\libhal_bsp.a(altera_avalon_jtag_uart_init.o) (alt_ic_isr_register)
../SoftwareSubtrator_bsp/\libhal_bsp.a(alt_iic_isr_register.o)
                              ../SoftwareSubtrator_bsp/\libhal_bsp.a(alt_iic.o) (alt_iic_isr_register)
../SoftwareSubtrator_bsp/\libhal_bsp.a(alt_io_redirect.o)
                              ../SoftwareSubtrator_bsp/\libhal_bsp.a(alt_main.o) (alt_io_redirect)
../SoftwareSubtrator_bsp/\libhal_bsp.a(alt_irq_entry.o)
                              ../SoftwareSubtrator_bsp/\libhal_bsp.a(alt_iic_isr_register.o) (alt_irq_entry)
../SoftwareSubtrator_bsp/\libhal_bsp.a(alt_irq_handler.o)
                              ../SoftwareSubtrator_bsp/\libhal_bsp.a(alt_iic_isr_register.o) (alt_irq)
../SoftwareSubtrator_bsp/\libhal_bsp.a(alt_irq_vars.o)
                              ../SoftwareSubtrator_bsp/\libhal_bsp.a(alt_iic.o) (alt_irq_active)
../SoftwareSubtrator_bsp/\libhal_bsp.a(alt_open.o)
                              ../SoftwareSubtrator_bsp/\libhal_bsp.a(alt_io_redirect.o) (open)
../SoftwareSubtrator_bsp/\libhal_bsp.a(alt_release_fd.o)
                              ../SoftwareSubtrator_bsp/\libhal_bsp.a(alt_close.o) (alt_release_fd)
../SoftwareSubtrator_bsp/\libhal_bsp.a(alt_tick.o)
                              ../SoftwareSubtrator_bsp/\libhal_bsp.a(altera_avalon_jtag_uart_init.o) (_alt_tick_rate)
../SoftwareSubtrator_bsp/\libhal_bsp.a(altera_nios2_gen2_irq.o)
                              ../SoftwareSubtrator_bsp/\libhal_bsp.a(alt_sys_init.o) (altera_nios2_gen2_irq_init)
../SoftwareSubtrator_bsp/\libhal_bsp.a(alt_exception_entry.o)
                              ../SoftwareSubtrator_bsp/\libhal_bsp.a(alt_irq_entry.o) (alt_exception)
../SoftwareSubtrator_bsp/\libhal_bsp.a(alt_find_dev.o)
                              ../SoftwareSubtrator_bsp/\libhal_bsp.a(alt_open.o) (alt_find_dev)
../SoftwareSubtrator_bsp/\libhal_bsp.a(alt_find_file.o)
                              ../SoftwareSubtrator_bsp/\libhal_bsp.a(alt_open.o) (alt_find_file)
../SoftwareSubtrator_bsp/\libhal_bsp.a(alt_get_fd.o)
                              ../SoftwareSubtrator_bsp/\libhal_bsp.a(alt_open.o) (alt_get_fd)
../SoftwareSubtrator_bsp/\libhal_bsp.a(alt_instruction_exception_entry.o)
                              ../SoftwareSubtrator_bsp/\libhal_bsp.a(alt_exception_entry.o) (alt_instruction_exception_entry)
c:/intelfpga_lite/18.1/nios2eds/bin/gnu/h-x86_64-mingw32/bin/../lib/gcc/nios2-elf/5.3.0/../../../../../H-x86_64-mingw32/nios2-elf/lib/mno-hw-mul\libc.a(lib_a-atexit.o)
                              ../SoftwareSubtrator_bsp/\libhal_bsp.a(alt_main.o) (atexit)
c:/intelfpga_lite/18.1/nios2eds/bin/gnu/h-x86_64-mingw32/bin/../lib/gcc/nios2-elf/5.3.0/../../../../../H-x86_64-mingw32/nios2-elf/lib/mno-hw-mul\libc.a(lib_a-exit.o)
                              ../SoftwareSubtrator_bsp/\libhal_bsp.a(alt_main.o) (exit)
c:/intelfpga_lite/18.1/nios2eds/bin/gnu/h-x86_64-mingw32/bin/../lib/gcc/nios2-elf/5.3.0/../../../../../H-x86_64-mingw32/nios2-elf/lib/mno-hw-mul\libc.a(lib_a-impure.o)
                              c:/intelfpga_lite/18.1/nios2eds/bin/gnu/h-x86_64-mingw32/bin/../lib/gcc/nios2-elf/5.3.0/../../../../../H-x86_64-mingw32/nios2-elf/lib/mno-hw-mul\libc.a(lib_a-exit.o) (_global_impure_ptr)
c:/intelfpga_lite/18.1/nios2eds/bin/gnu/h-x86_64-mingw32/bin/../lib/gcc/nios2-elf/5.3.0/../../../../../H-x86_64-mingw32/nios2-elf/lib/mno-hw-mul\libc.a(lib_a-int_errno.o)
                              ../SoftwareSubtrator_bsp/\libhal_bsp.a(alt_close.o) (errno)
c:/intelfpga_lite/18.1/nios2eds/bin/gnu/h-x86_64-mingw32/bin/../lib/gcc/nios2-elf/5.3.0/../../../../../H-x86_64-mingw32/nios2-elf/lib/mno-hw-mul\libc.a(lib_a-memcmp.o)
                              ../SoftwareSubtrator_bsp/\libhal_bsp.a(alt_find_dev.o) (memcmp)
c:/intelfpga_lite/18.1/nios2eds/bin/gnu/h-x86_64-mingw32/bin/../lib/gcc/nios2-elf/5.3.0/../../../../../H-x86_64-mingw32/nios2-elf/lib/mno-hw-mul\libc.a(lib_a-memcpy.o)
                              ../SoftwareSubtrator_bsp/\libhal_bsp.a(altera_avalon_jtag_uart_read.o) (memcpy)
c:/intelfpga_lite/18.1/nios2eds/bin/gnu/h-x86_64-mingw32/bin/../lib/gcc/nios2-elf/5.3.0/../../../../../H-x86_64-mingw32/nios2-elf/lib/mno-hw-mul\libc.a(lib_a-strlen.o)
                              ../SoftwareSubtrator_bsp/\libhal_bsp.a(alt_find_dev.o) (strlen)
c:/intelfpga_lite/18.1/nios2eds/bin/gnu/h-x86_64-mingw32/bin/../lib/gcc/nios2-elf/5.3.0/../../../../../H-x86_64-mingw32/nios2-elf/lib/mno-hw-mul\libc.a(lib_a-__atexit.o)
                              c:/intelfpga_lite/18.1/nios2eds/bin/gnu/h-x86_64-mingw32/bin/../lib/gcc/nios2-elf/5.3.0/../../../../../H-x86_64-mingw32/nios2-elf/lib/mno-hw-mul\libc.a(lib_a-atexit.o) (__register_exitproc)
c:/intelfpga_lite/18.1/nios2eds/bin/gnu/h-x86_64-mingw32/bin/../lib/gcc/nios2-elf/5.3.0/../../../../../H-x86_64-mingw32/nios2-elf/lib/mno-hw-mul\libc.a(lib_a-__call_atexit.o)
                              c:/intelfpga_lite/18.1/nios2eds/bin/gnu/h-x86_64-mingw32/bin/../lib/gcc/nios2-elf/5.3.0/../../../../../H-x86_64-mingw32/nios2-elf/lib/mno-hw-mul\libc.a(lib_a-exit.o) (__call_exitprocs)
c:/intelfpga_lite/18.1/nios2eds/bin/gnu/h-x86_64-mingw32/bin/../lib/gcc/nios2-elf/5.3.0/mno-hw-mul\libgcc.a(lib2-mul.o)
                              ../SoftwareSubtrator_bsp/\libhal_bsp.a(alt_close.o) (__mulsi3)
../SoftwareSubtrator_bsp/\libhal_bsp.a(alt_exit.o)
                              c:/intelfpga_lite/18.1/nios2eds/bin/gnu/h-x86_64-mingw32/bin/../lib/gcc/nios2-elf/5.3.0/../../../../../H-x86_64-mingw32/nios2-elf/lib/mno-hw-mul\libc.a(lib_a-exit.o) (_exit)

Allocating common symbols
Common symbol       size              file

wordlen             0x4               obj/default/hello_world.o
alt_irq             0x100             ../SoftwareSubtrator_bsp/\libhal_bsp.a(alt_irq_handler.o)
n                   0x4               obj/default/hello_world.o
errno               0x4               c:/intelfpga_lite/18.1/nios2eds/bin/gnu/h-x86_64-mingw32/bin/../lib/gcc/nios2-elf/5.3.0/../../../../../H-x86_64-mingw32/nios2-elf/lib/mno-hw-mul\libc.a(lib_a-int_errno.o)
i                   0x4               obj/default/hello_world.o
sub                 0x4               obj/default/hello_world.o

Memory Configuration

Name             Origin             Length             Attributes
reset            0x0000000000000000 0x0000000000000020
MemoriaPrograma  0x0000000000000020 0x000000000000ffe0
MemoriaImg2      0x0000000000020000 0x0000000000014000
MemoriaImg1      0x0000000000040000 0x0000000000014000
*default*        0x0000000000000000 0xffffffffffffffff

Linker script and memory map

LOAD ../SoftwareSubtrator_bsp//obj/HAL/src/crt0.o
LOAD obj/default/hello_world.o
LOAD c:/intelfpga_lite/18.1/nios2eds/bin/gnu/h-x86_64-mingw32/bin/../lib/gcc/nios2-elf/5.3.0/../../../../../H-x86_64-mingw32/nios2-elf/lib/mno-hw-mul\libstdc++.a
LOAD c:/intelfpga_lite/18.1/nios2eds/bin/gnu/h-x86_64-mingw32/bin/../lib/gcc/nios2-elf/5.3.0/../../../../../H-x86_64-mingw32/nios2-elf/lib/mno-hw-mul\libm.a
LOAD c:/intelfpga_lite/18.1/nios2eds/bin/gnu/h-x86_64-mingw32/bin/../lib/gcc/nios2-elf/5.3.0/mno-hw-mul\libgcc.a
START GROUP
LOAD c:/intelfpga_lite/18.1/nios2eds/bin/gnu/h-x86_64-mingw32/bin/../lib/gcc/nios2-elf/5.3.0/../../../../../H-x86_64-mingw32/nios2-elf/lib/mno-hw-mul\libc.a
LOAD c:/intelfpga_lite/18.1/nios2eds/bin/gnu/h-x86_64-mingw32/bin/../lib/gcc/nios2-elf/5.3.0/mno-hw-mul\libgcc.a
LOAD ../SoftwareSubtrator_bsp/\libhal_bsp.a
LOAD c:/intelfpga_lite/18.1/nios2eds/bin/gnu/h-x86_64-mingw32/bin/../lib/gcc/nios2-elf/5.3.0/../../../../../H-x86_64-mingw32/nios2-elf/lib/mno-hw-mul\libm.a
END GROUP
LOAD c:/intelfpga_lite/18.1/nios2eds/bin/gnu/h-x86_64-mingw32/bin/../lib/gcc/nios2-elf/5.3.0/mno-hw-mul\libgcc.a
                0x0000000000000000                __alt_mem_MemoriaPrograma = 0x0
                0x0000000000020000                __alt_mem_MemoriaImg2 = 0x20000
                0x0000000000040000                __alt_mem_MemoriaImg1 = 0x40000

.entry          0x0000000000000000       0x20
 *(.entry)
 .entry         0x0000000000000000       0x20 ../SoftwareSubtrator_bsp//obj/HAL/src/crt0.o
                0x0000000000000000                __reset

.exceptions     0x0000000000000020      0x210
                0x0000000000000020                PROVIDE (__ram_exceptions_start, ABSOLUTE (.))
                0x0000000000000020                . = ALIGN (0x20)
 *(.irq)
 *(.exceptions.entry.label)
 .exceptions.entry.label
                0x0000000000000020        0x0 ../SoftwareSubtrator_bsp/\libhal_bsp.a(alt_irq_entry.o)
                0x0000000000000020                alt_irq_entry
 .exceptions.entry.label
                0x0000000000000020        0x0 ../SoftwareSubtrator_bsp/\libhal_bsp.a(alt_exception_entry.o)
                0x0000000000000020                alt_exception
 *(.exceptions.entry.user)
 *(.exceptions.entry.ecc_fatal)
 *(.exceptions.entry)
 .exceptions.entry
                0x0000000000000020       0x54 ../SoftwareSubtrator_bsp/\libhal_bsp.a(alt_exception_entry.o)
 *(.exceptions.irqtest.user)
 *(.exceptions.irqtest)
 .exceptions.irqtest
                0x0000000000000074       0x10 ../SoftwareSubtrator_bsp/\libhal_bsp.a(alt_irq_entry.o)
 *(.exceptions.irqhandler.user)
 *(.exceptions.irqhandler)
 .exceptions.irqhandler
                0x0000000000000084        0x4 ../SoftwareSubtrator_bsp/\libhal_bsp.a(alt_irq_entry.o)
 *(.exceptions.irqreturn.user)
 *(.exceptions.irqreturn)
 .exceptions.irqreturn
                0x0000000000000088        0x4 ../SoftwareSubtrator_bsp/\libhal_bsp.a(alt_irq_entry.o)
 *(.exceptions.notirq.label)
 .exceptions.notirq.label
                0x000000000000008c        0x0 ../SoftwareSubtrator_bsp/\libhal_bsp.a(alt_irq_entry.o)
 *(.exceptions.notirq.user)
 *(.exceptions.notirq)
 .exceptions.notirq
                0x000000000000008c        0x8 ../SoftwareSubtrator_bsp/\libhal_bsp.a(alt_exception_entry.o)
 *(.exceptions.soft.user)
 *(.exceptions.soft)
 *(.exceptions.unknown.user)
 *(.exceptions.unknown)
 .exceptions.unknown
                0x0000000000000094       0x14 ../SoftwareSubtrator_bsp/\libhal_bsp.a(alt_exception_entry.o)
 *(.exceptions.exit.label)
 .exceptions.exit.label
                0x00000000000000a8        0x0 ../SoftwareSubtrator_bsp/\libhal_bsp.a(alt_irq_entry.o)
 .exceptions.exit.label
                0x00000000000000a8        0x0 ../SoftwareSubtrator_bsp/\libhal_bsp.a(alt_exception_entry.o)
 *(.exceptions.exit.user)
 *(.exceptions.exit)
 .exceptions.exit
                0x00000000000000a8       0x54 ../SoftwareSubtrator_bsp/\libhal_bsp.a(alt_exception_entry.o)
 *(.exceptions)
 .exceptions    0x00000000000000fc       0xd4 ../SoftwareSubtrator_bsp/\libhal_bsp.a(alt_irq_handler.o)
                0x00000000000000fc                alt_irq_handler
 .exceptions    0x00000000000001d0       0x60 ../SoftwareSubtrator_bsp/\libhal_bsp.a(alt_instruction_exception_entry.o)
                0x00000000000001d0                alt_instruction_exception_entry
                0x0000000000000230                PROVIDE (__ram_exceptions_end, ABSOLUTE (.))
                0x0000000000000020                PROVIDE (__flash_exceptions_start, LOADADDR (.exceptions))

.text           0x0000000000000230     0x2370
                [!provide]                        PROVIDE (stext, ABSOLUTE (.))
 *(.interp)
 *(.hash)
 *(.dynsym)
 *(.dynstr)
 *(.gnu.version)
 *(.gnu.version_d)
 *(.gnu.version_r)
 *(.rel.init)
 *(.rela.init)
 *(.rel.text .rel.text.* .rel.gnu.linkonce.t.*)
 *(.rela.text .rela.text.* .rela.gnu.linkonce.t.*)
 *(.rel.fini)
 *(.rela.fini)
 *(.rel.rodata .rel.rodata.* .rel.gnu.linkonce.r.*)
 *(.rela.rodata .rela.rodata.* .rela.gnu.linkonce.r.*)
 *(.rel.data .rel.data.* .rel.gnu.linkonce.d.*)
 *(.rela.data .rela.data.* .rela.gnu.linkonce.d.*)
 *(.rel.tdata .rel.tdata.* .rel.gnu.linkonce.td.*)
 *(.rela.tdata .rela.tdata.* .rela.gnu.linkonce.td.*)
 *(.rel.tbss .rel.tbss.* .rel.gnu.linkonce.tb.*)
 *(.rela.tbss .rela.tbss.* .rela.gnu.linkonce.tb.*)
 *(.rel.ctors)
 *(.rela.ctors)
 *(.rel.dtors)
 *(.rela.dtors)
 *(.rel.got)
 *(.rela.got)
 *(.rel.sdata .rel.sdata.* .rel.gnu.linkonce.s.*)
 *(.rela.sdata .rela.sdata.* .rela.gnu.linkonce.s.*)
 *(.rel.sbss .rel.sbss.* .rel.gnu.linkonce.sb.*)
 *(.rela.sbss .rela.sbss.* .rela.gnu.linkonce.sb.*)
 *(.rel.sdata2 .rel.sdata2.* .rel.gnu.linkonce.s2.*)
 *(.rela.sdata2 .rela.sdata2.* .rela.gnu.linkonce.s2.*)
 *(.rel.sbss2 .rel.sbss2.* .rel.gnu.linkonce.sb2.*)
 *(.rela.sbss2 .rela.sbss2.* .rela.gnu.linkonce.sb2.*)
 *(.rel.bss .rel.bss.* .rel.gnu.linkonce.b.*)
 *(.rela.bss .rela.bss.* .rela.gnu.linkonce.b.*)
 *(.rel.plt)
 *(.rela.plt)
 *(.rel.dyn)
 *(.init)
 *(.plt)
 *(.text .stub .text.* .gnu.linkonce.t.*)
 .text          0x0000000000000230       0x3c ../SoftwareSubtrator_bsp//obj/HAL/src/crt0.o
                0x0000000000000230                _start
 .text          0x000000000000026c      0x100 obj/default/hello_world.o
                0x000000000000026c                main
 .text          0x000000000000036c       0xec ../SoftwareSubtrator_bsp/\libhal_bsp.a(alt_load.o)
                0x00000000000003d4                alt_load
 .text          0x0000000000000458       0x7c ../SoftwareSubtrator_bsp/\libhal_bsp.a(alt_main.o)
                0x0000000000000458                alt_main
 .text          0x00000000000004d4       0xb4 ../SoftwareSubtrator_bsp/\libhal_bsp.a(alt_sys_init.o)
                0x0000000000000508                alt_irq_init
                0x0000000000000540                alt_sys_init
 .text          0x0000000000000588      0x164 ../SoftwareSubtrator_bsp/\libhal_bsp.a(altera_avalon_jtag_uart_fd.o)
                0x0000000000000588                altera_avalon_jtag_uart_read_fd
                0x00000000000005e8                altera_avalon_jtag_uart_write_fd
                0x0000000000000648                altera_avalon_jtag_uart_close_fd
                0x0000000000000698                altera_avalon_jtag_uart_ioctl_fd
 .text          0x00000000000006ec      0x3d4 ../SoftwareSubtrator_bsp/\libhal_bsp.a(altera_avalon_jtag_uart_init.o)
                0x00000000000006ec                altera_avalon_jtag_uart_init
                0x0000000000000a58                altera_avalon_jtag_uart_close
 .text          0x0000000000000ac0       0xf0 ../SoftwareSubtrator_bsp/\libhal_bsp.a(altera_avalon_jtag_uart_ioctl.o)
                0x0000000000000ac0                altera_avalon_jtag_uart_ioctl
 .text          0x0000000000000bb0      0x21c ../SoftwareSubtrator_bsp/\libhal_bsp.a(altera_avalon_jtag_uart_read.o)
                0x0000000000000bb0                altera_avalon_jtag_uart_read
 .text          0x0000000000000dcc      0x224 ../SoftwareSubtrator_bsp/\libhal_bsp.a(altera_avalon_jtag_uart_write.o)
                0x0000000000000dcc                altera_avalon_jtag_uart_write
 .text          0x0000000000000ff0      0x12c ../SoftwareSubtrator_bsp/\libhal_bsp.a(alt_alarm_start.o)
                0x0000000000000ff0                alt_alarm_start
 .text          0x000000000000111c      0x114 ../SoftwareSubtrator_bsp/\libhal_bsp.a(alt_close.o)
                0x0000000000001158                close
 .text          0x0000000000001230       0x20 ../SoftwareSubtrator_bsp/\libhal_bsp.a(alt_dcache_flush_all.o)
                0x0000000000001230                alt_dcache_flush_all
 .text          0x0000000000001250       0x2c ../SoftwareSubtrator_bsp/\libhal_bsp.a(alt_dev.o)
 .text          0x000000000000127c       0xe0 ../SoftwareSubtrator_bsp/\libhal_bsp.a(alt_dev_llist_insert.o)
                0x00000000000012b8                alt_dev_llist_insert
 .text          0x000000000000135c       0x60 ../SoftwareSubtrator_bsp/\libhal_bsp.a(alt_do_ctors.o)
                0x000000000000135c                _do_ctors
 .text          0x00000000000013bc       0x60 ../SoftwareSubtrator_bsp/\libhal_bsp.a(alt_do_dtors.o)
                0x00000000000013bc                _do_dtors
 .text          0x000000000000141c        0x0 ../SoftwareSubtrator_bsp/\libhal_bsp.a(alt_errno.o)
 .text          0x000000000000141c       0x20 ../SoftwareSubtrator_bsp/\libhal_bsp.a(alt_icache_flush_all.o)
                0x000000000000141c                alt_icache_flush_all
 .text          0x000000000000143c      0x1b0 ../SoftwareSubtrator_bsp/\libhal_bsp.a(alt_iic.o)
                0x000000000000143c                alt_ic_isr_register
                0x000000000000148c                alt_ic_irq_enable
                0x0000000000001514                alt_ic_irq_disable
                0x00000000000015a0                alt_ic_irq_enabled
 .text          0x00000000000015ec       0xf0 ../SoftwareSubtrator_bsp/\libhal_bsp.a(alt_iic_isr_register.o)
                0x00000000000015ec                alt_iic_isr_register
 .text          0x00000000000016dc      0x160 ../SoftwareSubtrator_bsp/\libhal_bsp.a(alt_io_redirect.o)
                0x00000000000017c0                alt_io_redirect
 .text          0x000000000000183c        0x0 ../SoftwareSubtrator_bsp/\libhal_bsp.a(alt_irq_entry.o)
 .text          0x000000000000183c        0x0 ../SoftwareSubtrator_bsp/\libhal_bsp.a(alt_irq_handler.o)
 .text          0x000000000000183c        0x0 ../SoftwareSubtrator_bsp/\libhal_bsp.a(alt_irq_vars.o)
 .text          0x000000000000183c      0x284 ../SoftwareSubtrator_bsp/\libhal_bsp.a(alt_open.o)
                0x0000000000001964                open
 .text          0x0000000000001ac0       0x84 ../SoftwareSubtrator_bsp/\libhal_bsp.a(alt_release_fd.o)
                0x0000000000001ac0                alt_release_fd
 .text          0x0000000000001b44      0x1a4 ../SoftwareSubtrator_bsp/\libhal_bsp.a(alt_tick.o)
                0x0000000000001b44                alt_alarm_stop
                0x0000000000001be0                alt_tick
 .text          0x0000000000001ce8       0x24 ../SoftwareSubtrator_bsp/\libhal_bsp.a(altera_nios2_gen2_irq.o)
                0x0000000000001ce8                altera_nios2_gen2_irq_init
 .text          0x0000000000001d0c        0x0 ../SoftwareSubtrator_bsp/\libhal_bsp.a(alt_exception_entry.o)
 .text          0x0000000000001d0c       0x90 ../SoftwareSubtrator_bsp/\libhal_bsp.a(alt_find_dev.o)
                0x0000000000001d0c                alt_find_dev
 .text          0x0000000000001d9c      0x108 ../SoftwareSubtrator_bsp/\libhal_bsp.a(alt_find_file.o)
                0x0000000000001d9c                alt_find_file
 .text          0x0000000000001ea4       0xc4 ../SoftwareSubtrator_bsp/\libhal_bsp.a(alt_get_fd.o)
                0x0000000000001ea4                alt_get_fd
 .text          0x0000000000001f68       0x9c ../SoftwareSubtrator_bsp/\libhal_bsp.a(alt_instruction_exception_entry.o)
                0x0000000000001f68                alt_exception_cause_generated_bad_addr
 .text          0x0000000000002004        0x0 c:/intelfpga_lite/18.1/nios2eds/bin/gnu/h-x86_64-mingw32/bin/../lib/gcc/nios2-elf/5.3.0/../../../../../H-x86_64-mingw32/nios2-elf/lib/mno-hw-mul\libc.a(lib_a-atexit.o)
 .text.atexit   0x0000000000002004       0x14 c:/intelfpga_lite/18.1/nios2eds/bin/gnu/h-x86_64-mingw32/bin/../lib/gcc/nios2-elf/5.3.0/../../../../../H-x86_64-mingw32/nios2-elf/lib/mno-hw-mul\libc.a(lib_a-atexit.o)
                0x0000000000002004                atexit
 .text          0x0000000000002018        0x0 c:/intelfpga_lite/18.1/nios2eds/bin/gnu/h-x86_64-mingw32/bin/../lib/gcc/nios2-elf/5.3.0/../../../../../H-x86_64-mingw32/nios2-elf/lib/mno-hw-mul\libc.a(lib_a-exit.o)
 .text.exit     0x0000000000002018       0x38 c:/intelfpga_lite/18.1/nios2eds/bin/gnu/h-x86_64-mingw32/bin/../lib/gcc/nios2-elf/5.3.0/../../../../../H-x86_64-mingw32/nios2-elf/lib/mno-hw-mul\libc.a(lib_a-exit.o)
                0x0000000000002018                exit
 .text          0x0000000000002050        0x0 c:/intelfpga_lite/18.1/nios2eds/bin/gnu/h-x86_64-mingw32/bin/../lib/gcc/nios2-elf/5.3.0/../../../../../H-x86_64-mingw32/nios2-elf/lib/mno-hw-mul\libc.a(lib_a-impure.o)
 .text          0x0000000000002050        0x0 c:/intelfpga_lite/18.1/nios2eds/bin/gnu/h-x86_64-mingw32/bin/../lib/gcc/nios2-elf/5.3.0/../../../../../H-x86_64-mingw32/nios2-elf/lib/mno-hw-mul\libc.a(lib_a-int_errno.o)
 .text          0x0000000000002050        0x0 c:/intelfpga_lite/18.1/nios2eds/bin/gnu/h-x86_64-mingw32/bin/../lib/gcc/nios2-elf/5.3.0/../../../../../H-x86_64-mingw32/nios2-elf/lib/mno-hw-mul\libc.a(lib_a-memcmp.o)
 .text.memcmp   0x0000000000002050       0x7c c:/intelfpga_lite/18.1/nios2eds/bin/gnu/h-x86_64-mingw32/bin/../lib/gcc/nios2-elf/5.3.0/../../../../../H-x86_64-mingw32/nios2-elf/lib/mno-hw-mul\libc.a(lib_a-memcmp.o)
                0x0000000000002050                memcmp
 .text          0x00000000000020cc        0x0 c:/intelfpga_lite/18.1/nios2eds/bin/gnu/h-x86_64-mingw32/bin/../lib/gcc/nios2-elf/5.3.0/../../../../../H-x86_64-mingw32/nios2-elf/lib/mno-hw-mul\libc.a(lib_a-memcpy.o)
 .text.memcpy   0x00000000000020cc      0x148 c:/intelfpga_lite/18.1/nios2eds/bin/gnu/h-x86_64-mingw32/bin/../lib/gcc/nios2-elf/5.3.0/../../../../../H-x86_64-mingw32/nios2-elf/lib/mno-hw-mul\libc.a(lib_a-memcpy.o)
                0x00000000000020cc                memcpy
 .text          0x0000000000002214        0x0 c:/intelfpga_lite/18.1/nios2eds/bin/gnu/h-x86_64-mingw32/bin/../lib/gcc/nios2-elf/5.3.0/../../../../../H-x86_64-mingw32/nios2-elf/lib/mno-hw-mul\libc.a(lib_a-strlen.o)
 .text.strlen   0x0000000000002214       0x98 c:/intelfpga_lite/18.1/nios2eds/bin/gnu/h-x86_64-mingw32/bin/../lib/gcc/nios2-elf/5.3.0/../../../../../H-x86_64-mingw32/nios2-elf/lib/mno-hw-mul\libc.a(lib_a-strlen.o)
                0x0000000000002214                strlen
 .text          0x00000000000022ac        0x0 c:/intelfpga_lite/18.1/nios2eds/bin/gnu/h-x86_64-mingw32/bin/../lib/gcc/nios2-elf/5.3.0/../../../../../H-x86_64-mingw32/nios2-elf/lib/mno-hw-mul\libc.a(lib_a-__atexit.o)
 .text.__register_exitproc
                0x00000000000022ac      0x118 c:/intelfpga_lite/18.1/nios2eds/bin/gnu/h-x86_64-mingw32/bin/../lib/gcc/nios2-elf/5.3.0/../../../../../H-x86_64-mingw32/nios2-elf/lib/mno-hw-mul\libc.a(lib_a-__atexit.o)
                0x00000000000022ac                __register_exitproc
 .text          0x00000000000023c4        0x0 c:/intelfpga_lite/18.1/nios2eds/bin/gnu/h-x86_64-mingw32/bin/../lib/gcc/nios2-elf/5.3.0/../../../../../H-x86_64-mingw32/nios2-elf/lib/mno-hw-mul\libc.a(lib_a-__call_atexit.o)
 .text.__call_exitprocs
                0x00000000000023c4      0x180 c:/intelfpga_lite/18.1/nios2eds/bin/gnu/h-x86_64-mingw32/bin/../lib/gcc/nios2-elf/5.3.0/../../../../../H-x86_64-mingw32/nios2-elf/lib/mno-hw-mul\libc.a(lib_a-__call_atexit.o)
                0x00000000000023c4                __call_exitprocs
 .text          0x0000000000002544       0x28 c:/intelfpga_lite/18.1/nios2eds/bin/gnu/h-x86_64-mingw32/bin/../lib/gcc/nios2-elf/5.3.0/mno-hw-mul\libgcc.a(lib2-mul.o)
                0x0000000000002544                __mulsi3
 .text          0x000000000000256c       0x34 ../SoftwareSubtrator_bsp/\libhal_bsp.a(alt_exit.o)
                0x000000000000256c                _exit
 *(.gnu.warning.*)
 *(.fini)
                [!provide]                        PROVIDE (__etext, ABSOLUTE (.))
                [!provide]                        PROVIDE (_etext, ABSOLUTE (.))
                [!provide]                        PROVIDE (etext, ABSOLUTE (.))
 *(.eh_frame_hdr)
                0x00000000000025a0                . = ALIGN (0x4)
                [!provide]                        PROVIDE (__preinit_array_start, ABSOLUTE (.))
 *(.preinit_array)
                [!provide]                        PROVIDE (__preinit_array_end, ABSOLUTE (.))
                [!provide]                        PROVIDE (__init_array_start, ABSOLUTE (.))
 *(.init_array)
                [!provide]                        PROVIDE (__init_array_end, ABSOLUTE (.))
                [!provide]                        PROVIDE (__fini_array_start, ABSOLUTE (.))
 *(.fini_array)
                [!provide]                        PROVIDE (__fini_array_end, ABSOLUTE (.))
 *(.eh_frame)
 *(.gcc_except_table .gcc_except_table.*)
 *(.dynamic)
                0x00000000000025a0                PROVIDE (__CTOR_LIST__, ABSOLUTE (.))
 *(.ctors)
 *(SORT(.ctors.*))
                0x00000000000025a0                PROVIDE (__CTOR_END__, ABSOLUTE (.))
                0x00000000000025a0                PROVIDE (__DTOR_LIST__, ABSOLUTE (.))
 *(.dtors)
 *(SORT(.dtors.*))
                0x00000000000025a0                PROVIDE (__DTOR_END__, ABSOLUTE (.))
 *(.jcr)
                0x00000000000025a0                . = ALIGN (0x4)

.rodata         0x00000000000025a0       0x38
                0x00000000000025a0                PROVIDE (__ram_rodata_start, ABSOLUTE (.))
                0x00000000000025a0                . = ALIGN (0x4)
 *(.rodata .rodata.* .gnu.linkonce.r.*)
 .rodata        0x00000000000025a0       0x11 ../SoftwareSubtrator_bsp/\libhal_bsp.a(alt_main.o)
 *fill*         0x00000000000025b1        0x3 
 .rodata        0x00000000000025b4       0x11 ../SoftwareSubtrator_bsp/\libhal_bsp.a(alt_sys_init.o)
 *fill*         0x00000000000025c5        0x3 
 .rodata        0x00000000000025c8        0xa ../SoftwareSubtrator_bsp/\libhal_bsp.a(alt_dev.o)
 *fill*         0x00000000000025d2        0x2 
 .rodata.str1.4
                0x00000000000025d4        0x4 c:/intelfpga_lite/18.1/nios2eds/bin/gnu/h-x86_64-mingw32/bin/../lib/gcc/nios2-elf/5.3.0/../../../../../H-x86_64-mingw32/nios2-elf/lib/mno-hw-mul\libc.a(lib_a-impure.o)
                                          0x2 (size before relaxing)
 *(.rodata1)
                0x00000000000025d8                . = ALIGN (0x4)
                0x00000000000025d8                PROVIDE (__ram_rodata_end, ABSOLUTE (.))
                0x00000000000025a0                PROVIDE (__flash_rodata_start, LOADADDR (.rodata))

.rwdata         0x00000000000025d8     0x1660 load address 0x0000000000003c38
                0x00000000000025d8                PROVIDE (__ram_rwdata_start, ABSOLUTE (.))
                0x00000000000025d8                . = ALIGN (0x4)
 *(.got.plt)
 *(.got)
 *(.data1)
 *(.data .data.* .gnu.linkonce.d.*)
 .data          0x00000000000025d8        0x0 ../SoftwareSubtrator_bsp//obj/HAL/src/crt0.o
 .data          0x00000000000025d8        0x0 obj/default/hello_world.o
 .data          0x00000000000025d8        0x0 ../SoftwareSubtrator_bsp/\libhal_bsp.a(alt_load.o)
 .data          0x00000000000025d8        0x0 ../SoftwareSubtrator_bsp/\libhal_bsp.a(alt_main.o)
 .data          0x00000000000025d8     0x1060 ../SoftwareSubtrator_bsp/\libhal_bsp.a(alt_sys_init.o)
 .data          0x0000000000003638        0x0 ../SoftwareSubtrator_bsp/\libhal_bsp.a(altera_avalon_jtag_uart_fd.o)
 .data          0x0000000000003638        0x0 ../SoftwareSubtrator_bsp/\libhal_bsp.a(altera_avalon_jtag_uart_init.o)
 .data          0x0000000000003638        0x0 ../SoftwareSubtrator_bsp/\libhal_bsp.a(altera_avalon_jtag_uart_ioctl.o)
 .data          0x0000000000003638        0x0 ../SoftwareSubtrator_bsp/\libhal_bsp.a(altera_avalon_jtag_uart_read.o)
 .data          0x0000000000003638        0x0 ../SoftwareSubtrator_bsp/\libhal_bsp.a(altera_avalon_jtag_uart_write.o)
 .data          0x0000000000003638        0x0 ../SoftwareSubtrator_bsp/\libhal_bsp.a(alt_alarm_start.o)
 .data          0x0000000000003638        0x0 ../SoftwareSubtrator_bsp/\libhal_bsp.a(alt_close.o)
 .data          0x0000000000003638        0x0 ../SoftwareSubtrator_bsp/\libhal_bsp.a(alt_dcache_flush_all.o)
 .data          0x0000000000003638      0x1a8 ../SoftwareSubtrator_bsp/\libhal_bsp.a(alt_dev.o)
                0x0000000000003638                alt_dev_null
                0x0000000000003660                alt_fd_list
 .data          0x00000000000037e0        0x0 ../SoftwareSubtrator_bsp/\libhal_bsp.a(alt_dev_llist_insert.o)
 .data          0x00000000000037e0        0x0 ../SoftwareSubtrator_bsp/\libhal_bsp.a(alt_do_ctors.o)
 .data          0x00000000000037e0        0x0 ../SoftwareSubtrator_bsp/\libhal_bsp.a(alt_do_dtors.o)
 .data          0x00000000000037e0        0x0 ../SoftwareSubtrator_bsp/\libhal_bsp.a(alt_errno.o)
 .data          0x00000000000037e0        0x0 ../SoftwareSubtrator_bsp/\libhal_bsp.a(alt_icache_flush_all.o)
 .data          0x00000000000037e0        0x0 ../SoftwareSubtrator_bsp/\libhal_bsp.a(alt_iic.o)
 .data          0x00000000000037e0        0x0 ../SoftwareSubtrator_bsp/\libhal_bsp.a(alt_iic_isr_register.o)
 .data          0x00000000000037e0        0x0 ../SoftwareSubtrator_bsp/\libhal_bsp.a(alt_io_redirect.o)
 .data          0x00000000000037e0        0x0 ../SoftwareSubtrator_bsp/\libhal_bsp.a(alt_irq_entry.o)
 .data          0x00000000000037e0        0x0 ../SoftwareSubtrator_bsp/\libhal_bsp.a(alt_irq_handler.o)
 .data          0x00000000000037e0        0x0 ../SoftwareSubtrator_bsp/\libhal_bsp.a(alt_irq_vars.o)
 .data          0x00000000000037e0        0x0 ../SoftwareSubtrator_bsp/\libhal_bsp.a(alt_open.o)
 .data          0x00000000000037e0        0x0 ../SoftwareSubtrator_bsp/\libhal_bsp.a(alt_release_fd.o)
 .data          0x00000000000037e0        0x0 ../SoftwareSubtrator_bsp/\libhal_bsp.a(alt_tick.o)
 .data          0x00000000000037e0        0x0 ../SoftwareSubtrator_bsp/\libhal_bsp.a(altera_nios2_gen2_irq.o)
 .data          0x00000000000037e0        0x0 ../SoftwareSubtrator_bsp/\libhal_bsp.a(alt_exception_entry.o)
 .data          0x00000000000037e0        0x0 ../SoftwareSubtrator_bsp/\libhal_bsp.a(alt_find_dev.o)
 .data          0x00000000000037e0        0x0 ../SoftwareSubtrator_bsp/\libhal_bsp.a(alt_find_file.o)
 .data          0x00000000000037e0        0x0 ../SoftwareSubtrator_bsp/\libhal_bsp.a(alt_get_fd.o)
 .data          0x00000000000037e0        0x0 ../SoftwareSubtrator_bsp/\libhal_bsp.a(alt_instruction_exception_entry.o)
 .data          0x00000000000037e0        0x0 c:/intelfpga_lite/18.1/nios2eds/bin/gnu/h-x86_64-mingw32/bin/../lib/gcc/nios2-elf/5.3.0/../../../../../H-x86_64-mingw32/nios2-elf/lib/mno-hw-mul\libc.a(lib_a-atexit.o)
 .data          0x00000000000037e0        0x0 c:/intelfpga_lite/18.1/nios2eds/bin/gnu/h-x86_64-mingw32/bin/../lib/gcc/nios2-elf/5.3.0/../../../../../H-x86_64-mingw32/nios2-elf/lib/mno-hw-mul\libc.a(lib_a-exit.o)
 .data          0x00000000000037e0        0x0 c:/intelfpga_lite/18.1/nios2eds/bin/gnu/h-x86_64-mingw32/bin/../lib/gcc/nios2-elf/5.3.0/../../../../../H-x86_64-mingw32/nios2-elf/lib/mno-hw-mul\libc.a(lib_a-impure.o)
 .data.impure_data
                0x00000000000037e0      0x424 c:/intelfpga_lite/18.1/nios2eds/bin/gnu/h-x86_64-mingw32/bin/../lib/gcc/nios2-elf/5.3.0/../../../../../H-x86_64-mingw32/nios2-elf/lib/mno-hw-mul\libc.a(lib_a-impure.o)
 .data          0x0000000000003c04        0x0 c:/intelfpga_lite/18.1/nios2eds/bin/gnu/h-x86_64-mingw32/bin/../lib/gcc/nios2-elf/5.3.0/../../../../../H-x86_64-mingw32/nios2-elf/lib/mno-hw-mul\libc.a(lib_a-int_errno.o)
 .data          0x0000000000003c04        0x0 c:/intelfpga_lite/18.1/nios2eds/bin/gnu/h-x86_64-mingw32/bin/../lib/gcc/nios2-elf/5.3.0/../../../../../H-x86_64-mingw32/nios2-elf/lib/mno-hw-mul\libc.a(lib_a-memcmp.o)
 .data          0x0000000000003c04        0x0 c:/intelfpga_lite/18.1/nios2eds/bin/gnu/h-x86_64-mingw32/bin/../lib/gcc/nios2-elf/5.3.0/../../../../../H-x86_64-mingw32/nios2-elf/lib/mno-hw-mul\libc.a(lib_a-memcpy.o)
 .data          0x0000000000003c04        0x0 c:/intelfpga_lite/18.1/nios2eds/bin/gnu/h-x86_64-mingw32/bin/../lib/gcc/nios2-elf/5.3.0/../../../../../H-x86_64-mingw32/nios2-elf/lib/mno-hw-mul\libc.a(lib_a-strlen.o)
 .data          0x0000000000003c04        0x0 c:/intelfpga_lite/18.1/nios2eds/bin/gnu/h-x86_64-mingw32/bin/../lib/gcc/nios2-elf/5.3.0/../../../../../H-x86_64-mingw32/nios2-elf/lib/mno-hw-mul\libc.a(lib_a-__atexit.o)
 .data          0x0000000000003c04        0x0 c:/intelfpga_lite/18.1/nios2eds/bin/gnu/h-x86_64-mingw32/bin/../lib/gcc/nios2-elf/5.3.0/../../../../../H-x86_64-mingw32/nios2-elf/lib/mno-hw-mul\libc.a(lib_a-__call_atexit.o)
 .data          0x0000000000003c04        0x0 c:/intelfpga_lite/18.1/nios2eds/bin/gnu/h-x86_64-mingw32/bin/../lib/gcc/nios2-elf/5.3.0/mno-hw-mul\libgcc.a(lib2-mul.o)
 .data          0x0000000000003c04        0x0 ../SoftwareSubtrator_bsp/\libhal_bsp.a(alt_exit.o)
                0x000000000000bc04                _gp = ABSOLUTE ((. + 0x8000))
                [!provide]                        PROVIDE (gp, _gp)
 *(.rwdata .rwdata.*)
 *(.sdata .sdata.* .gnu.linkonce.s.*)
 .sdata         0x0000000000003c04        0x8 obj/default/hello_world.o
                0x0000000000003c04                img1
                0x0000000000003c08                img2
 .sdata         0x0000000000003c0c       0x14 ../SoftwareSubtrator_bsp/\libhal_bsp.a(alt_dev.o)
                0x0000000000003c0c                alt_fs_list
                0x0000000000003c14                alt_dev_list
                0x0000000000003c1c                alt_max_fd
 .sdata         0x0000000000003c20        0x4 ../SoftwareSubtrator_bsp/\libhal_bsp.a(alt_errno.o)
                0x0000000000003c20                alt_errno
 .sdata         0x0000000000003c24        0x4 ../SoftwareSubtrator_bsp/\libhal_bsp.a(alt_irq_vars.o)
                0x0000000000003c24                alt_priority_mask
 .sdata         0x0000000000003c28        0x8 ../SoftwareSubtrator_bsp/\libhal_bsp.a(alt_tick.o)
                0x0000000000003c28                alt_alarm_list
 .sdata._global_impure_ptr
                0x0000000000003c30        0x4 c:/intelfpga_lite/18.1/nios2eds/bin/gnu/h-x86_64-mingw32/bin/../lib/gcc/nios2-elf/5.3.0/../../../../../H-x86_64-mingw32/nios2-elf/lib/mno-hw-mul\libc.a(lib_a-impure.o)
                0x0000000000003c30                _global_impure_ptr
 .sdata._impure_ptr
                0x0000000000003c34        0x4 c:/intelfpga_lite/18.1/nios2eds/bin/gnu/h-x86_64-mingw32/bin/../lib/gcc/nios2-elf/5.3.0/../../../../../H-x86_64-mingw32/nios2-elf/lib/mno-hw-mul\libc.a(lib_a-impure.o)
                0x0000000000003c34                _impure_ptr
 *(.sdata2 .sdata2.* .gnu.linkonce.s2.*)
                0x0000000000003c38                . = ALIGN (0x4)
                0x0000000000003c38                _edata = ABSOLUTE (.)
                [!provide]                        PROVIDE (edata, ABSOLUTE (.))
                0x0000000000003c38                PROVIDE (__ram_rwdata_end, ABSOLUTE (.))
                0x0000000000003c38                PROVIDE (__flash_rwdata_start, LOADADDR (.rwdata))

.bss            0x0000000000005298      0x130
                0x0000000000005298                __bss_start = ABSOLUTE (.)
                [!provide]                        PROVIDE (__sbss_start, ABSOLUTE (.))
                [!provide]                        PROVIDE (___sbss_start, ABSOLUTE (.))
 *(.dynsbss)
 *(.sbss .sbss.* .gnu.linkonce.sb.*)
 .sbss          0x0000000000005298       0x10 obj/default/hello_world.o
                0x0000000000005298                wordlen
                0x000000000000529c                n
                0x00000000000052a0                i
                0x00000000000052a4                sub
 .sbss          0x00000000000052a8        0xc ../SoftwareSubtrator_bsp/\libhal_bsp.a(alt_main.o)
                0x00000000000052a8                alt_argc
                0x00000000000052ac                alt_argv
                0x00000000000052b0                alt_envp
 .sbss          0x00000000000052b4        0x4 ../SoftwareSubtrator_bsp/\libhal_bsp.a(alt_irq_vars.o)
                0x00000000000052b4                alt_irq_active
 .sbss          0x00000000000052b8        0x8 ../SoftwareSubtrator_bsp/\libhal_bsp.a(alt_tick.o)
                0x00000000000052b8                _alt_tick_rate
                0x00000000000052bc                _alt_nticks
 .sbss          0x00000000000052c0        0x4 ../SoftwareSubtrator_bsp/\libhal_bsp.a(alt_instruction_exception_entry.o)
                0x00000000000052c0                alt_instruction_exception_handler
 .sbss          0x00000000000052c4        0x4 c:/intelfpga_lite/18.1/nios2eds/bin/gnu/h-x86_64-mingw32/bin/../lib/gcc/nios2-elf/5.3.0/../../../../../H-x86_64-mingw32/nios2-elf/lib/mno-hw-mul\libc.a(lib_a-int_errno.o)
                0x00000000000052c4                errno
 *(.sbss2 .sbss2.* .gnu.linkonce.sb2.*)
 *(.scommon)
                [!provide]                        PROVIDE (__sbss_end, ABSOLUTE (.))
                [!provide]                        PROVIDE (___sbss_end, ABSOLUTE (.))
 *(.dynbss)
 *(.bss .bss.* .gnu.linkonce.b.*)
 .bss           0x00000000000052c8        0x0 ../SoftwareSubtrator_bsp//obj/HAL/src/crt0.o
 .bss           0x00000000000052c8        0x0 obj/default/hello_world.o
 .bss           0x00000000000052c8        0x0 ../SoftwareSubtrator_bsp/\libhal_bsp.a(alt_load.o)
 .bss           0x00000000000052c8        0x0 ../SoftwareSubtrator_bsp/\libhal_bsp.a(alt_main.o)
 .bss           0x00000000000052c8        0x0 ../SoftwareSubtrator_bsp/\libhal_bsp.a(alt_sys_init.o)
 .bss           0x00000000000052c8        0x0 ../SoftwareSubtrator_bsp/\libhal_bsp.a(altera_avalon_jtag_uart_fd.o)
 .bss           0x00000000000052c8        0x0 ../SoftwareSubtrator_bsp/\libhal_bsp.a(altera_avalon_jtag_uart_init.o)
 .bss           0x00000000000052c8        0x0 ../SoftwareSubtrator_bsp/\libhal_bsp.a(altera_avalon_jtag_uart_ioctl.o)
 .bss           0x00000000000052c8        0x0 ../SoftwareSubtrator_bsp/\libhal_bsp.a(altera_avalon_jtag_uart_read.o)
 .bss           0x00000000000052c8        0x0 ../SoftwareSubtrator_bsp/\libhal_bsp.a(altera_avalon_jtag_uart_write.o)
 .bss           0x00000000000052c8        0x0 ../SoftwareSubtrator_bsp/\libhal_bsp.a(alt_alarm_start.o)
 .bss           0x00000000000052c8        0x0 ../SoftwareSubtrator_bsp/\libhal_bsp.a(alt_close.o)
 .bss           0x00000000000052c8        0x0 ../SoftwareSubtrator_bsp/\libhal_bsp.a(alt_dcache_flush_all.o)
 .bss           0x00000000000052c8        0x0 ../SoftwareSubtrator_bsp/\libhal_bsp.a(alt_dev.o)
 .bss           0x00000000000052c8        0x0 ../SoftwareSubtrator_bsp/\libhal_bsp.a(alt_dev_llist_insert.o)
 .bss           0x00000000000052c8        0x0 ../SoftwareSubtrator_bsp/\libhal_bsp.a(alt_do_ctors.o)
 .bss           0x00000000000052c8        0x0 ../SoftwareSubtrator_bsp/\libhal_bsp.a(alt_do_dtors.o)
 .bss           0x00000000000052c8        0x0 ../SoftwareSubtrator_bsp/\libhal_bsp.a(alt_errno.o)
 .bss           0x00000000000052c8        0x0 ../SoftwareSubtrator_bsp/\libhal_bsp.a(alt_icache_flush_all.o)
 .bss           0x00000000000052c8        0x0 ../SoftwareSubtrator_bsp/\libhal_bsp.a(alt_iic.o)
 .bss           0x00000000000052c8        0x0 ../SoftwareSubtrator_bsp/\libhal_bsp.a(alt_iic_isr_register.o)
 .bss           0x00000000000052c8        0x0 ../SoftwareSubtrator_bsp/\libhal_bsp.a(alt_io_redirect.o)
 .bss           0x00000000000052c8        0x0 ../SoftwareSubtrator_bsp/\libhal_bsp.a(alt_irq_entry.o)
 .bss           0x00000000000052c8        0x0 ../SoftwareSubtrator_bsp/\libhal_bsp.a(alt_irq_handler.o)
 .bss           0x00000000000052c8        0x0 ../SoftwareSubtrator_bsp/\libhal_bsp.a(alt_irq_vars.o)
 .bss           0x00000000000052c8        0x0 ../SoftwareSubtrator_bsp/\libhal_bsp.a(alt_open.o)
 .bss           0x00000000000052c8        0x0 ../SoftwareSubtrator_bsp/\libhal_bsp.a(alt_release_fd.o)
 .bss           0x00000000000052c8        0x0 ../SoftwareSubtrator_bsp/\libhal_bsp.a(alt_tick.o)
 .bss           0x00000000000052c8        0x0 ../SoftwareSubtrator_bsp/\libhal_bsp.a(altera_nios2_gen2_irq.o)
 .bss           0x00000000000052c8        0x0 ../SoftwareSubtrator_bsp/\libhal_bsp.a(alt_exception_entry.o)
 .bss           0x00000000000052c8        0x0 ../SoftwareSubtrator_bsp/\libhal_bsp.a(alt_find_dev.o)
 .bss           0x00000000000052c8        0x0 ../SoftwareSubtrator_bsp/\libhal_bsp.a(alt_find_file.o)
 .bss           0x00000000000052c8        0x0 ../SoftwareSubtrator_bsp/\libhal_bsp.a(alt_get_fd.o)
 .bss           0x00000000000052c8        0x0 ../SoftwareSubtrator_bsp/\libhal_bsp.a(alt_instruction_exception_entry.o)
 .bss           0x00000000000052c8        0x0 c:/intelfpga_lite/18.1/nios2eds/bin/gnu/h-x86_64-mingw32/bin/../lib/gcc/nios2-elf/5.3.0/../../../../../H-x86_64-mingw32/nios2-elf/lib/mno-hw-mul\libc.a(lib_a-atexit.o)
 .bss           0x00000000000052c8        0x0 c:/intelfpga_lite/18.1/nios2eds/bin/gnu/h-x86_64-mingw32/bin/../lib/gcc/nios2-elf/5.3.0/../../../../../H-x86_64-mingw32/nios2-elf/lib/mno-hw-mul\libc.a(lib_a-exit.o)
 .bss           0x00000000000052c8        0x0 c:/intelfpga_lite/18.1/nios2eds/bin/gnu/h-x86_64-mingw32/bin/../lib/gcc/nios2-elf/5.3.0/../../../../../H-x86_64-mingw32/nios2-elf/lib/mno-hw-mul\libc.a(lib_a-impure.o)
 .bss           0x00000000000052c8        0x0 c:/intelfpga_lite/18.1/nios2eds/bin/gnu/h-x86_64-mingw32/bin/../lib/gcc/nios2-elf/5.3.0/../../../../../H-x86_64-mingw32/nios2-elf/lib/mno-hw-mul\libc.a(lib_a-int_errno.o)
 .bss           0x00000000000052c8        0x0 c:/intelfpga_lite/18.1/nios2eds/bin/gnu/h-x86_64-mingw32/bin/../lib/gcc/nios2-elf/5.3.0/../../../../../H-x86_64-mingw32/nios2-elf/lib/mno-hw-mul\libc.a(lib_a-memcmp.o)
 .bss           0x00000000000052c8        0x0 c:/intelfpga_lite/18.1/nios2eds/bin/gnu/h-x86_64-mingw32/bin/../lib/gcc/nios2-elf/5.3.0/../../../../../H-x86_64-mingw32/nios2-elf/lib/mno-hw-mul\libc.a(lib_a-memcpy.o)
 .bss           0x00000000000052c8        0x0 c:/intelfpga_lite/18.1/nios2eds/bin/gnu/h-x86_64-mingw32/bin/../lib/gcc/nios2-elf/5.3.0/../../../../../H-x86_64-mingw32/nios2-elf/lib/mno-hw-mul\libc.a(lib_a-strlen.o)
 .bss           0x00000000000052c8        0x0 c:/intelfpga_lite/18.1/nios2eds/bin/gnu/h-x86_64-mingw32/bin/../lib/gcc/nios2-elf/5.3.0/../../../../../H-x86_64-mingw32/nios2-elf/lib/mno-hw-mul\libc.a(lib_a-__atexit.o)
 .bss           0x00000000000052c8        0x0 c:/intelfpga_lite/18.1/nios2eds/bin/gnu/h-x86_64-mingw32/bin/../lib/gcc/nios2-elf/5.3.0/../../../../../H-x86_64-mingw32/nios2-elf/lib/mno-hw-mul\libc.a(lib_a-__call_atexit.o)
 .bss           0x00000000000052c8        0x0 c:/intelfpga_lite/18.1/nios2eds/bin/gnu/h-x86_64-mingw32/bin/../lib/gcc/nios2-elf/5.3.0/mno-hw-mul\libgcc.a(lib2-mul.o)
 .bss           0x00000000000052c8        0x0 ../SoftwareSubtrator_bsp/\libhal_bsp.a(alt_exit.o)
 *(COMMON)
 COMMON         0x00000000000052c8      0x100 ../SoftwareSubtrator_bsp/\libhal_bsp.a(alt_irq_handler.o)
                0x00000000000052c8                alt_irq
                0x00000000000053c8                . = ALIGN (0x4)
                0x00000000000053c8                __bss_end = ABSOLUTE (.)

.MemoriaPrograma
                0x00000000000053c8        0x0
                [!provide]                        PROVIDE (_alt_partition_MemoriaPrograma_start, ABSOLUTE (.))
 *(.MemoriaPrograma .MemoriaPrograma. MemoriaPrograma.*)
                0x00000000000053c8                . = ALIGN (0x4)
                [!provide]                        PROVIDE (_alt_partition_MemoriaPrograma_end, ABSOLUTE (.))
                0x00000000000053c8                _end = ABSOLUTE (.)
                0x00000000000053c8                end = ABSOLUTE (.)
                0x00000000000053c8                __alt_stack_base = ABSOLUTE (.)
                [!provide]                        PROVIDE (_alt_partition_MemoriaPrograma_load_addr, LOADADDR (.MemoriaPrograma))

.MemoriaImg2    0x0000000000020000        0x0 load address 0x00000000000053c8
                [!provide]                        PROVIDE (_alt_partition_MemoriaImg2_start, ABSOLUTE (.))
 *(.MemoriaImg2 .MemoriaImg2. MemoriaImg2.*)
                0x0000000000020000                . = ALIGN (0x4)
                [!provide]                        PROVIDE (_alt_partition_MemoriaImg2_end, ABSOLUTE (.))
                [!provide]                        PROVIDE (_alt_partition_MemoriaImg2_load_addr, LOADADDR (.MemoriaImg2))

.MemoriaImg1    0x0000000000040000        0x0 load address 0x00000000000053c8
                [!provide]                        PROVIDE (_alt_partition_MemoriaImg1_start, ABSOLUTE (.))
 *(.MemoriaImg1 .MemoriaImg1. MemoriaImg1.*)
                0x0000000000040000                . = ALIGN (0x4)
                [!provide]                        PROVIDE (_alt_partition_MemoriaImg1_end, ABSOLUTE (.))
                [!provide]                        PROVIDE (_alt_partition_MemoriaImg1_load_addr, LOADADDR (.MemoriaImg1))

.stab
 *(.stab)

.stabstr
 *(.stabstr)

.stab.excl
 *(.stab.excl)

.stab.exclstr
 *(.stab.exclstr)

.stab.index
 *(.stab.index)

.stab.indexstr
 *(.stab.indexstr)

.comment        0x0000000000000000       0x23
 *(.comment)
 .comment       0x0000000000000000       0x23 obj/default/hello_world.o
                                         0x24 (size before relaxing)
 .comment       0x0000000000000023       0x24 ../SoftwareSubtrator_bsp/\libhal_bsp.a(alt_load.o)
 .comment       0x0000000000000023       0x24 ../SoftwareSubtrator_bsp/\libhal_bsp.a(alt_main.o)
 .comment       0x0000000000000023       0x24 ../SoftwareSubtrator_bsp/\libhal_bsp.a(alt_sys_init.o)
 .comment       0x0000000000000023       0x24 ../SoftwareSubtrator_bsp/\libhal_bsp.a(altera_avalon_jtag_uart_fd.o)
 .comment       0x0000000000000023       0x24 ../SoftwareSubtrator_bsp/\libhal_bsp.a(altera_avalon_jtag_uart_init.o)
 .comment       0x0000000000000023       0x24 ../SoftwareSubtrator_bsp/\libhal_bsp.a(altera_avalon_jtag_uart_ioctl.o)
 .comment       0x0000000000000023       0x24 ../SoftwareSubtrator_bsp/\libhal_bsp.a(altera_avalon_jtag_uart_read.o)
 .comment       0x0000000000000023       0x24 ../SoftwareSubtrator_bsp/\libhal_bsp.a(altera_avalon_jtag_uart_write.o)
 .comment       0x0000000000000023       0x24 ../SoftwareSubtrator_bsp/\libhal_bsp.a(alt_alarm_start.o)
 .comment       0x0000000000000023       0x24 ../SoftwareSubtrator_bsp/\libhal_bsp.a(alt_close.o)
 .comment       0x0000000000000023       0x24 ../SoftwareSubtrator_bsp/\libhal_bsp.a(alt_dcache_flush_all.o)
 .comment       0x0000000000000023       0x24 ../SoftwareSubtrator_bsp/\libhal_bsp.a(alt_dev.o)
 .comment       0x0000000000000023       0x24 ../SoftwareSubtrator_bsp/\libhal_bsp.a(alt_dev_llist_insert.o)
 .comment       0x0000000000000023       0x24 ../SoftwareSubtrator_bsp/\libhal_bsp.a(alt_do_ctors.o)
 .comment       0x0000000000000023       0x24 ../SoftwareSubtrator_bsp/\libhal_bsp.a(alt_do_dtors.o)
 .comment       0x0000000000000023       0x24 ../SoftwareSubtrator_bsp/\libhal_bsp.a(alt_errno.o)
 .comment       0x0000000000000023       0x24 ../SoftwareSubtrator_bsp/\libhal_bsp.a(alt_icache_flush_all.o)
 .comment       0x0000000000000023       0x24 ../SoftwareSubtrator_bsp/\libhal_bsp.a(alt_iic.o)
 .comment       0x0000000000000023       0x24 ../SoftwareSubtrator_bsp/\libhal_bsp.a(alt_iic_isr_register.o)
 .comment       0x0000000000000023       0x24 ../SoftwareSubtrator_bsp/\libhal_bsp.a(alt_io_redirect.o)
 .comment       0x0000000000000023       0x24 ../SoftwareSubtrator_bsp/\libhal_bsp.a(alt_irq_handler.o)
 .comment       0x0000000000000023       0x24 ../SoftwareSubtrator_bsp/\libhal_bsp.a(alt_irq_vars.o)
 .comment       0x0000000000000023       0x24 ../SoftwareSubtrator_bsp/\libhal_bsp.a(alt_open.o)
 .comment       0x0000000000000023       0x24 ../SoftwareSubtrator_bsp/\libhal_bsp.a(alt_release_fd.o)
 .comment       0x0000000000000023       0x24 ../SoftwareSubtrator_bsp/\libhal_bsp.a(alt_tick.o)
 .comment       0x0000000000000023       0x24 ../SoftwareSubtrator_bsp/\libhal_bsp.a(altera_nios2_gen2_irq.o)
 .comment       0x0000000000000023       0x24 ../SoftwareSubtrator_bsp/\libhal_bsp.a(alt_find_dev.o)
 .comment       0x0000000000000023       0x24 ../SoftwareSubtrator_bsp/\libhal_bsp.a(alt_find_file.o)
 .comment       0x0000000000000023       0x24 ../SoftwareSubtrator_bsp/\libhal_bsp.a(alt_get_fd.o)
 .comment       0x0000000000000023       0x24 ../SoftwareSubtrator_bsp/\libhal_bsp.a(alt_instruction_exception_entry.o)
 .comment       0x0000000000000023       0x24 c:/intelfpga_lite/18.1/nios2eds/bin/gnu/h-x86_64-mingw32/bin/../lib/gcc/nios2-elf/5.3.0/../../../../../H-x86_64-mingw32/nios2-elf/lib/mno-hw-mul\libc.a(lib_a-atexit.o)
 .comment       0x0000000000000023       0x24 c:/intelfpga_lite/18.1/nios2eds/bin/gnu/h-x86_64-mingw32/bin/../lib/gcc/nios2-elf/5.3.0/../../../../../H-x86_64-mingw32/nios2-elf/lib/mno-hw-mul\libc.a(lib_a-exit.o)
 .comment       0x0000000000000023       0x24 c:/intelfpga_lite/18.1/nios2eds/bin/gnu/h-x86_64-mingw32/bin/../lib/gcc/nios2-elf/5.3.0/../../../../../H-x86_64-mingw32/nios2-elf/lib/mno-hw-mul\libc.a(lib_a-impure.o)
 .comment       0x0000000000000023       0x24 c:/intelfpga_lite/18.1/nios2eds/bin/gnu/h-x86_64-mingw32/bin/../lib/gcc/nios2-elf/5.3.0/../../../../../H-x86_64-mingw32/nios2-elf/lib/mno-hw-mul\libc.a(lib_a-int_errno.o)
 .comment       0x0000000000000023       0x24 c:/intelfpga_lite/18.1/nios2eds/bin/gnu/h-x86_64-mingw32/bin/../lib/gcc/nios2-elf/5.3.0/../../../../../H-x86_64-mingw32/nios2-elf/lib/mno-hw-mul\libc.a(lib_a-memcmp.o)
 .comment       0x0000000000000023       0x24 c:/intelfpga_lite/18.1/nios2eds/bin/gnu/h-x86_64-mingw32/bin/../lib/gcc/nios2-elf/5.3.0/../../../../../H-x86_64-mingw32/nios2-elf/lib/mno-hw-mul\libc.a(lib_a-memcpy.o)
 .comment       0x0000000000000023       0x24 c:/intelfpga_lite/18.1/nios2eds/bin/gnu/h-x86_64-mingw32/bin/../lib/gcc/nios2-elf/5.3.0/../../../../../H-x86_64-mingw32/nios2-elf/lib/mno-hw-mul\libc.a(lib_a-strlen.o)
 .comment       0x0000000000000023       0x24 c:/intelfpga_lite/18.1/nios2eds/bin/gnu/h-x86_64-mingw32/bin/../lib/gcc/nios2-elf/5.3.0/../../../../../H-x86_64-mingw32/nios2-elf/lib/mno-hw-mul\libc.a(lib_a-__atexit.o)
 .comment       0x0000000000000023       0x24 c:/intelfpga_lite/18.1/nios2eds/bin/gnu/h-x86_64-mingw32/bin/../lib/gcc/nios2-elf/5.3.0/../../../../../H-x86_64-mingw32/nios2-elf/lib/mno-hw-mul\libc.a(lib_a-__call_atexit.o)
 .comment       0x0000000000000023       0x24 c:/intelfpga_lite/18.1/nios2eds/bin/gnu/h-x86_64-mingw32/bin/../lib/gcc/nios2-elf/5.3.0/mno-hw-mul\libgcc.a(lib2-mul.o)
 .comment       0x0000000000000023       0x24 ../SoftwareSubtrator_bsp/\libhal_bsp.a(alt_exit.o)

.debug
 *(.debug)

.line
 *(.line)

.debug_srcinfo
 *(.debug_srcinfo)

.debug_sfnames
 *(.debug_sfnames)

.debug_aranges  0x0000000000000000      0x5b8
 *(.debug_aranges)
 .debug_aranges
                0x0000000000000000       0x28 ../SoftwareSubtrator_bsp//obj/HAL/src/crt0.o
 .debug_aranges
                0x0000000000000028       0x20 obj/default/hello_world.o
 .debug_aranges
                0x0000000000000048       0x20 ../SoftwareSubtrator_bsp/\libhal_bsp.a(alt_load.o)
 .debug_aranges
                0x0000000000000068       0x20 ../SoftwareSubtrator_bsp/\libhal_bsp.a(alt_main.o)
 .debug_aranges
                0x0000000000000088       0x20 ../SoftwareSubtrator_bsp/\libhal_bsp.a(alt_sys_init.o)
 .debug_aranges
                0x00000000000000a8       0x20 ../SoftwareSubtrator_bsp/\libhal_bsp.a(altera_avalon_jtag_uart_fd.o)
 .debug_aranges
                0x00000000000000c8       0x20 ../SoftwareSubtrator_bsp/\libhal_bsp.a(altera_avalon_jtag_uart_init.o)
 .debug_aranges
                0x00000000000000e8       0x20 ../SoftwareSubtrator_bsp/\libhal_bsp.a(altera_avalon_jtag_uart_ioctl.o)
 .debug_aranges
                0x0000000000000108       0x20 ../SoftwareSubtrator_bsp/\libhal_bsp.a(altera_avalon_jtag_uart_read.o)
 .debug_aranges
                0x0000000000000128       0x20 ../SoftwareSubtrator_bsp/\libhal_bsp.a(altera_avalon_jtag_uart_write.o)
 .debug_aranges
                0x0000000000000148       0x20 ../SoftwareSubtrator_bsp/\libhal_bsp.a(alt_alarm_start.o)
 .debug_aranges
                0x0000000000000168       0x20 ../SoftwareSubtrator_bsp/\libhal_bsp.a(alt_close.o)
 .debug_aranges
                0x0000000000000188       0x20 ../SoftwareSubtrator_bsp/\libhal_bsp.a(alt_dcache_flush_all.o)
 .debug_aranges
                0x00000000000001a8       0x20 ../SoftwareSubtrator_bsp/\libhal_bsp.a(alt_dev.o)
 .debug_aranges
                0x00000000000001c8       0x20 ../SoftwareSubtrator_bsp/\libhal_bsp.a(alt_dev_llist_insert.o)
 .debug_aranges
                0x00000000000001e8       0x20 ../SoftwareSubtrator_bsp/\libhal_bsp.a(alt_do_ctors.o)
 .debug_aranges
                0x0000000000000208       0x20 ../SoftwareSubtrator_bsp/\libhal_bsp.a(alt_do_dtors.o)
 .debug_aranges
                0x0000000000000228       0x18 ../SoftwareSubtrator_bsp/\libhal_bsp.a(alt_errno.o)
 .debug_aranges
                0x0000000000000240       0x20 ../SoftwareSubtrator_bsp/\libhal_bsp.a(alt_icache_flush_all.o)
 .debug_aranges
                0x0000000000000260       0x20 ../SoftwareSubtrator_bsp/\libhal_bsp.a(alt_iic.o)
 .debug_aranges
                0x0000000000000280       0x20 ../SoftwareSubtrator_bsp/\libhal_bsp.a(alt_iic_isr_register.o)
 .debug_aranges
                0x00000000000002a0       0x20 ../SoftwareSubtrator_bsp/\libhal_bsp.a(alt_io_redirect.o)
 .debug_aranges
                0x00000000000002c0       0x30 ../SoftwareSubtrator_bsp/\libhal_bsp.a(alt_irq_entry.o)
 .debug_aranges
                0x00000000000002f0       0x20 ../SoftwareSubtrator_bsp/\libhal_bsp.a(alt_irq_handler.o)
 .debug_aranges
                0x0000000000000310       0x18 ../SoftwareSubtrator_bsp/\libhal_bsp.a(alt_irq_vars.o)
 .debug_aranges
                0x0000000000000328       0x20 ../SoftwareSubtrator_bsp/\libhal_bsp.a(alt_open.o)
 .debug_aranges
                0x0000000000000348       0x20 ../SoftwareSubtrator_bsp/\libhal_bsp.a(alt_release_fd.o)
 .debug_aranges
                0x0000000000000368       0x20 ../SoftwareSubtrator_bsp/\libhal_bsp.a(alt_tick.o)
 .debug_aranges
                0x0000000000000388       0x20 ../SoftwareSubtrator_bsp/\libhal_bsp.a(altera_nios2_gen2_irq.o)
 .debug_aranges
                0x00000000000003a8       0x38 ../SoftwareSubtrator_bsp/\libhal_bsp.a(alt_exception_entry.o)
 .debug_aranges
                0x00000000000003e0       0x20 ../SoftwareSubtrator_bsp/\libhal_bsp.a(alt_find_dev.o)
 .debug_aranges
                0x0000000000000400       0x20 ../SoftwareSubtrator_bsp/\libhal_bsp.a(alt_find_file.o)
 .debug_aranges
                0x0000000000000420       0x20 ../SoftwareSubtrator_bsp/\libhal_bsp.a(alt_get_fd.o)
 .debug_aranges
                0x0000000000000440       0x28 ../SoftwareSubtrator_bsp/\libhal_bsp.a(alt_instruction_exception_entry.o)
 .debug_aranges
                0x0000000000000468       0x20 c:/intelfpga_lite/18.1/nios2eds/bin/gnu/h-x86_64-mingw32/bin/../lib/gcc/nios2-elf/5.3.0/../../../../../H-x86_64-mingw32/nios2-elf/lib/mno-hw-mul\libc.a(lib_a-atexit.o)
 .debug_aranges
                0x0000000000000488       0x20 c:/intelfpga_lite/18.1/nios2eds/bin/gnu/h-x86_64-mingw32/bin/../lib/gcc/nios2-elf/5.3.0/../../../../../H-x86_64-mingw32/nios2-elf/lib/mno-hw-mul\libc.a(lib_a-exit.o)
 .debug_aranges
                0x00000000000004a8       0x18 c:/intelfpga_lite/18.1/nios2eds/bin/gnu/h-x86_64-mingw32/bin/../lib/gcc/nios2-elf/5.3.0/../../../../../H-x86_64-mingw32/nios2-elf/lib/mno-hw-mul\libc.a(lib_a-impure.o)
 .debug_aranges
                0x00000000000004c0       0x18 c:/intelfpga_lite/18.1/nios2eds/bin/gnu/h-x86_64-mingw32/bin/../lib/gcc/nios2-elf/5.3.0/../../../../../H-x86_64-mingw32/nios2-elf/lib/mno-hw-mul\libc.a(lib_a-int_errno.o)
 .debug_aranges
                0x00000000000004d8       0x20 c:/intelfpga_lite/18.1/nios2eds/bin/gnu/h-x86_64-mingw32/bin/../lib/gcc/nios2-elf/5.3.0/../../../../../H-x86_64-mingw32/nios2-elf/lib/mno-hw-mul\libc.a(lib_a-memcmp.o)
 .debug_aranges
                0x00000000000004f8       0x20 c:/intelfpga_lite/18.1/nios2eds/bin/gnu/h-x86_64-mingw32/bin/../lib/gcc/nios2-elf/5.3.0/../../../../../H-x86_64-mingw32/nios2-elf/lib/mno-hw-mul\libc.a(lib_a-memcpy.o)
 .debug_aranges
                0x0000000000000518       0x20 c:/intelfpga_lite/18.1/nios2eds/bin/gnu/h-x86_64-mingw32/bin/../lib/gcc/nios2-elf/5.3.0/../../../../../H-x86_64-mingw32/nios2-elf/lib/mno-hw-mul\libc.a(lib_a-strlen.o)
 .debug_aranges
                0x0000000000000538       0x20 c:/intelfpga_lite/18.1/nios2eds/bin/gnu/h-x86_64-mingw32/bin/../lib/gcc/nios2-elf/5.3.0/../../../../../H-x86_64-mingw32/nios2-elf/lib/mno-hw-mul\libc.a(lib_a-__atexit.o)
 .debug_aranges
                0x0000000000000558       0x20 c:/intelfpga_lite/18.1/nios2eds/bin/gnu/h-x86_64-mingw32/bin/../lib/gcc/nios2-elf/5.3.0/../../../../../H-x86_64-mingw32/nios2-elf/lib/mno-hw-mul\libc.a(lib_a-__call_atexit.o)
 .debug_aranges
                0x0000000000000578       0x20 c:/intelfpga_lite/18.1/nios2eds/bin/gnu/h-x86_64-mingw32/bin/../lib/gcc/nios2-elf/5.3.0/mno-hw-mul\libgcc.a(lib2-mul.o)
 .debug_aranges
                0x0000000000000598       0x20 ../SoftwareSubtrator_bsp/\libhal_bsp.a(alt_exit.o)

.debug_pubnames
 *(.debug_pubnames)

.debug_info     0x0000000000000000     0x7537
 *(.debug_info .gnu.linkonce.wi.*)
 .debug_info    0x0000000000000000       0x7d ../SoftwareSubtrator_bsp//obj/HAL/src/crt0.o
 .debug_info    0x000000000000007d       0xc5 obj/default/hello_world.o
 .debug_info    0x0000000000000142      0x145 ../SoftwareSubtrator_bsp/\libhal_bsp.a(alt_load.o)
 .debug_info    0x0000000000000287      0x131 ../SoftwareSubtrator_bsp/\libhal_bsp.a(alt_main.o)
 .debug_info    0x00000000000003b8      0x4c3 ../SoftwareSubtrator_bsp/\libhal_bsp.a(alt_sys_init.o)
 .debug_info    0x000000000000087b      0x52e ../SoftwareSubtrator_bsp/\libhal_bsp.a(altera_avalon_jtag_uart_fd.o)
 .debug_info    0x0000000000000da9      0x3a0 ../SoftwareSubtrator_bsp/\libhal_bsp.a(altera_avalon_jtag_uart_init.o)
 .debug_info    0x0000000000001149      0x280 ../SoftwareSubtrator_bsp/\libhal_bsp.a(altera_avalon_jtag_uart_ioctl.o)
 .debug_info    0x00000000000013c9      0x345 ../SoftwareSubtrator_bsp/\libhal_bsp.a(altera_avalon_jtag_uart_read.o)
 .debug_info    0x000000000000170e      0x340 ../SoftwareSubtrator_bsp/\libhal_bsp.a(altera_avalon_jtag_uart_write.o)
 .debug_info    0x0000000000001a4e      0x2cc ../SoftwareSubtrator_bsp/\libhal_bsp.a(alt_alarm_start.o)
 .debug_info    0x0000000000001d1a      0x321 ../SoftwareSubtrator_bsp/\libhal_bsp.a(alt_close.o)
 .debug_info    0x000000000000203b       0x92 ../SoftwareSubtrator_bsp/\libhal_bsp.a(alt_dcache_flush_all.o)
 .debug_info    0x00000000000020cd      0x49c ../SoftwareSubtrator_bsp/\libhal_bsp.a(alt_dev.o)
 .debug_info    0x0000000000002569      0x1a9 ../SoftwareSubtrator_bsp/\libhal_bsp.a(alt_dev_llist_insert.o)
 .debug_info    0x0000000000002712       0x83 ../SoftwareSubtrator_bsp/\libhal_bsp.a(alt_do_ctors.o)
 .debug_info    0x0000000000002795       0x83 ../SoftwareSubtrator_bsp/\libhal_bsp.a(alt_do_dtors.o)
 .debug_info    0x0000000000002818       0xa6 ../SoftwareSubtrator_bsp/\libhal_bsp.a(alt_errno.o)
 .debug_info    0x00000000000028be       0x92 ../SoftwareSubtrator_bsp/\libhal_bsp.a(alt_icache_flush_all.o)
 .debug_info    0x0000000000002950      0x350 ../SoftwareSubtrator_bsp/\libhal_bsp.a(alt_iic.o)
 .debug_info    0x0000000000002ca0      0x1ef ../SoftwareSubtrator_bsp/\libhal_bsp.a(alt_iic_isr_register.o)
 .debug_info    0x0000000000002e8f      0x4a5 ../SoftwareSubtrator_bsp/\libhal_bsp.a(alt_io_redirect.o)
 .debug_info    0x0000000000003334       0x86 ../SoftwareSubtrator_bsp/\libhal_bsp.a(alt_irq_entry.o)
 .debug_info    0x00000000000033ba      0x187 ../SoftwareSubtrator_bsp/\libhal_bsp.a(alt_irq_handler.o)
 .debug_info    0x0000000000003541       0x88 ../SoftwareSubtrator_bsp/\libhal_bsp.a(alt_irq_vars.o)
 .debug_info    0x00000000000035c9      0x3bb ../SoftwareSubtrator_bsp/\libhal_bsp.a(alt_open.o)
 .debug_info    0x0000000000003984      0x2b0 ../SoftwareSubtrator_bsp/\libhal_bsp.a(alt_release_fd.o)
 .debug_info    0x0000000000003c34      0x299 ../SoftwareSubtrator_bsp/\libhal_bsp.a(alt_tick.o)
 .debug_info    0x0000000000003ecd       0x92 ../SoftwareSubtrator_bsp/\libhal_bsp.a(altera_nios2_gen2_irq.o)
 .debug_info    0x0000000000003f5f       0x8c ../SoftwareSubtrator_bsp/\libhal_bsp.a(alt_exception_entry.o)
 .debug_info    0x0000000000003feb      0x2e9 ../SoftwareSubtrator_bsp/\libhal_bsp.a(alt_find_dev.o)
 .debug_info    0x00000000000042d4      0x2e6 ../SoftwareSubtrator_bsp/\libhal_bsp.a(alt_find_file.o)
 .debug_info    0x00000000000045ba      0x310 ../SoftwareSubtrator_bsp/\libhal_bsp.a(alt_get_fd.o)
 .debug_info    0x00000000000048ca      0x1e7 ../SoftwareSubtrator_bsp/\libhal_bsp.a(alt_instruction_exception_entry.o)
 .debug_info    0x0000000000004ab1       0xfe c:/intelfpga_lite/18.1/nios2eds/bin/gnu/h-x86_64-mingw32/bin/../lib/gcc/nios2-elf/5.3.0/../../../../../H-x86_64-mingw32/nios2-elf/lib/mno-hw-mul\libc.a(lib_a-atexit.o)
 .debug_info    0x0000000000004baf      0x8e4 c:/intelfpga_lite/18.1/nios2eds/bin/gnu/h-x86_64-mingw32/bin/../lib/gcc/nios2-elf/5.3.0/../../../../../H-x86_64-mingw32/nios2-elf/lib/mno-hw-mul\libc.a(lib_a-exit.o)
 .debug_info    0x0000000000005493      0x8a1 c:/intelfpga_lite/18.1/nios2eds/bin/gnu/h-x86_64-mingw32/bin/../lib/gcc/nios2-elf/5.3.0/../../../../../H-x86_64-mingw32/nios2-elf/lib/mno-hw-mul\libc.a(lib_a-impure.o)
 .debug_info    0x0000000000005d34       0x8a c:/intelfpga_lite/18.1/nios2eds/bin/gnu/h-x86_64-mingw32/bin/../lib/gcc/nios2-elf/5.3.0/../../../../../H-x86_64-mingw32/nios2-elf/lib/mno-hw-mul\libc.a(lib_a-int_errno.o)
 .debug_info    0x0000000000005dbe      0x11a c:/intelfpga_lite/18.1/nios2eds/bin/gnu/h-x86_64-mingw32/bin/../lib/gcc/nios2-elf/5.3.0/../../../../../H-x86_64-mingw32/nios2-elf/lib/mno-hw-mul\libc.a(lib_a-memcmp.o)
 .debug_info    0x0000000000005ed8      0x144 c:/intelfpga_lite/18.1/nios2eds/bin/gnu/h-x86_64-mingw32/bin/../lib/gcc/nios2-elf/5.3.0/../../../../../H-x86_64-mingw32/nios2-elf/lib/mno-hw-mul\libc.a(lib_a-memcpy.o)
 .debug_info    0x000000000000601c       0xe2 c:/intelfpga_lite/18.1/nios2eds/bin/gnu/h-x86_64-mingw32/bin/../lib/gcc/nios2-elf/5.3.0/../../../../../H-x86_64-mingw32/nios2-elf/lib/mno-hw-mul\libc.a(lib_a-strlen.o)
 .debug_info    0x00000000000060fe      0x934 c:/intelfpga_lite/18.1/nios2eds/bin/gnu/h-x86_64-mingw32/bin/../lib/gcc/nios2-elf/5.3.0/../../../../../H-x86_64-mingw32/nios2-elf/lib/mno-hw-mul\libc.a(lib_a-__atexit.o)
 .debug_info    0x0000000000006a32      0x965 c:/intelfpga_lite/18.1/nios2eds/bin/gnu/h-x86_64-mingw32/bin/../lib/gcc/nios2-elf/5.3.0/../../../../../H-x86_64-mingw32/nios2-elf/lib/mno-hw-mul\libc.a(lib_a-__call_atexit.o)
 .debug_info    0x0000000000007397       0xb4 c:/intelfpga_lite/18.1/nios2eds/bin/gnu/h-x86_64-mingw32/bin/../lib/gcc/nios2-elf/5.3.0/mno-hw-mul\libgcc.a(lib2-mul.o)
 .debug_info    0x000000000000744b       0xec ../SoftwareSubtrator_bsp/\libhal_bsp.a(alt_exit.o)

.debug_abbrev   0x0000000000000000     0x2930
 *(.debug_abbrev)
 .debug_abbrev  0x0000000000000000       0x12 ../SoftwareSubtrator_bsp//obj/HAL/src/crt0.o
 .debug_abbrev  0x0000000000000012       0x7c obj/default/hello_world.o
 .debug_abbrev  0x000000000000008e       0x9f ../SoftwareSubtrator_bsp/\libhal_bsp.a(alt_load.o)
 .debug_abbrev  0x000000000000012d       0xba ../SoftwareSubtrator_bsp/\libhal_bsp.a(alt_main.o)
 .debug_abbrev  0x00000000000001e7      0x187 ../SoftwareSubtrator_bsp/\libhal_bsp.a(alt_sys_init.o)
 .debug_abbrev  0x000000000000036e      0x127 ../SoftwareSubtrator_bsp/\libhal_bsp.a(altera_avalon_jtag_uart_fd.o)
 .debug_abbrev  0x0000000000000495      0x19e ../SoftwareSubtrator_bsp/\libhal_bsp.a(altera_avalon_jtag_uart_init.o)
 .debug_abbrev  0x0000000000000633      0x111 ../SoftwareSubtrator_bsp/\libhal_bsp.a(altera_avalon_jtag_uart_ioctl.o)
 .debug_abbrev  0x0000000000000744      0x1aa ../SoftwareSubtrator_bsp/\libhal_bsp.a(altera_avalon_jtag_uart_read.o)
 .debug_abbrev  0x00000000000008ee      0x1a8 ../SoftwareSubtrator_bsp/\libhal_bsp.a(altera_avalon_jtag_uart_write.o)
 .debug_abbrev  0x0000000000000a96      0x162 ../SoftwareSubtrator_bsp/\libhal_bsp.a(alt_alarm_start.o)
 .debug_abbrev  0x0000000000000bf8      0x11f ../SoftwareSubtrator_bsp/\libhal_bsp.a(alt_close.o)
 .debug_abbrev  0x0000000000000d17       0x42 ../SoftwareSubtrator_bsp/\libhal_bsp.a(alt_dcache_flush_all.o)
 .debug_abbrev  0x0000000000000d59       0xd9 ../SoftwareSubtrator_bsp/\libhal_bsp.a(alt_dev.o)
 .debug_abbrev  0x0000000000000e32      0x114 ../SoftwareSubtrator_bsp/\libhal_bsp.a(alt_dev_llist_insert.o)
 .debug_abbrev  0x0000000000000f46       0x79 ../SoftwareSubtrator_bsp/\libhal_bsp.a(alt_do_ctors.o)
 .debug_abbrev  0x0000000000000fbf       0x79 ../SoftwareSubtrator_bsp/\libhal_bsp.a(alt_do_dtors.o)
 .debug_abbrev  0x0000000000001038       0x5a ../SoftwareSubtrator_bsp/\libhal_bsp.a(alt_errno.o)
 .debug_abbrev  0x0000000000001092       0x42 ../SoftwareSubtrator_bsp/\libhal_bsp.a(alt_icache_flush_all.o)
 .debug_abbrev  0x00000000000010d4      0x163 ../SoftwareSubtrator_bsp/\libhal_bsp.a(alt_iic.o)
 .debug_abbrev  0x0000000000001237      0x169 ../SoftwareSubtrator_bsp/\libhal_bsp.a(alt_iic_isr_register.o)
 .debug_abbrev  0x00000000000013a0      0x114 ../SoftwareSubtrator_bsp/\libhal_bsp.a(alt_io_redirect.o)
 .debug_abbrev  0x00000000000014b4       0x12 ../SoftwareSubtrator_bsp/\libhal_bsp.a(alt_irq_entry.o)
 .debug_abbrev  0x00000000000014c6      0x122 ../SoftwareSubtrator_bsp/\libhal_bsp.a(alt_irq_handler.o)
 .debug_abbrev  0x00000000000015e8       0x40 ../SoftwareSubtrator_bsp/\libhal_bsp.a(alt_irq_vars.o)
 .debug_abbrev  0x0000000000001628      0x148 ../SoftwareSubtrator_bsp/\libhal_bsp.a(alt_open.o)
 .debug_abbrev  0x0000000000001770       0xde ../SoftwareSubtrator_bsp/\libhal_bsp.a(alt_release_fd.o)
 .debug_abbrev  0x000000000000184e      0x15a ../SoftwareSubtrator_bsp/\libhal_bsp.a(alt_tick.o)
 .debug_abbrev  0x00000000000019a8       0x42 ../SoftwareSubtrator_bsp/\libhal_bsp.a(altera_nios2_gen2_irq.o)
 .debug_abbrev  0x00000000000019ea       0x12 ../SoftwareSubtrator_bsp/\libhal_bsp.a(alt_exception_entry.o)
 .debug_abbrev  0x00000000000019fc       0xf0 ../SoftwareSubtrator_bsp/\libhal_bsp.a(alt_find_dev.o)
 .debug_abbrev  0x0000000000001aec       0xf0 ../SoftwareSubtrator_bsp/\libhal_bsp.a(alt_find_file.o)
 .debug_abbrev  0x0000000000001bdc      0x10d ../SoftwareSubtrator_bsp/\libhal_bsp.a(alt_get_fd.o)
 .debug_abbrev  0x0000000000001ce9       0xdc ../SoftwareSubtrator_bsp/\libhal_bsp.a(alt_instruction_exception_entry.o)
 .debug_abbrev  0x0000000000001dc5       0xaa c:/intelfpga_lite/18.1/nios2eds/bin/gnu/h-x86_64-mingw32/bin/../lib/gcc/nios2-elf/5.3.0/../../../../../H-x86_64-mingw32/nios2-elf/lib/mno-hw-mul\libc.a(lib_a-atexit.o)
 .debug_abbrev  0x0000000000001e6f      0x1e5 c:/intelfpga_lite/18.1/nios2eds/bin/gnu/h-x86_64-mingw32/bin/../lib/gcc/nios2-elf/5.3.0/../../../../../H-x86_64-mingw32/nios2-elf/lib/mno-hw-mul\libc.a(lib_a-exit.o)
 .debug_abbrev  0x0000000000002054      0x18f c:/intelfpga_lite/18.1/nios2eds/bin/gnu/h-x86_64-mingw32/bin/../lib/gcc/nios2-elf/5.3.0/../../../../../H-x86_64-mingw32/nios2-elf/lib/mno-hw-mul\libc.a(lib_a-impure.o)
 .debug_abbrev  0x00000000000021e3       0x37 c:/intelfpga_lite/18.1/nios2eds/bin/gnu/h-x86_64-mingw32/bin/../lib/gcc/nios2-elf/5.3.0/../../../../../H-x86_64-mingw32/nios2-elf/lib/mno-hw-mul\libc.a(lib_a-int_errno.o)
 .debug_abbrev  0x000000000000221a       0x7f c:/intelfpga_lite/18.1/nios2eds/bin/gnu/h-x86_64-mingw32/bin/../lib/gcc/nios2-elf/5.3.0/../../../../../H-x86_64-mingw32/nios2-elf/lib/mno-hw-mul\libc.a(lib_a-memcmp.o)
 .debug_abbrev  0x0000000000002299       0xa3 c:/intelfpga_lite/18.1/nios2eds/bin/gnu/h-x86_64-mingw32/bin/../lib/gcc/nios2-elf/5.3.0/../../../../../H-x86_64-mingw32/nios2-elf/lib/mno-hw-mul\libc.a(lib_a-memcpy.o)
 .debug_abbrev  0x000000000000233c       0x90 c:/intelfpga_lite/18.1/nios2eds/bin/gnu/h-x86_64-mingw32/bin/../lib/gcc/nios2-elf/5.3.0/../../../../../H-x86_64-mingw32/nios2-elf/lib/mno-hw-mul\libc.a(lib_a-strlen.o)
 .debug_abbrev  0x00000000000023cc      0x21e c:/intelfpga_lite/18.1/nios2eds/bin/gnu/h-x86_64-mingw32/bin/../lib/gcc/nios2-elf/5.3.0/../../../../../H-x86_64-mingw32/nios2-elf/lib/mno-hw-mul\libc.a(lib_a-__atexit.o)
 .debug_abbrev  0x00000000000025ea      0x22e c:/intelfpga_lite/18.1/nios2eds/bin/gnu/h-x86_64-mingw32/bin/../lib/gcc/nios2-elf/5.3.0/../../../../../H-x86_64-mingw32/nios2-elf/lib/mno-hw-mul\libc.a(lib_a-__call_atexit.o)
 .debug_abbrev  0x0000000000002818       0x6f c:/intelfpga_lite/18.1/nios2eds/bin/gnu/h-x86_64-mingw32/bin/../lib/gcc/nios2-elf/5.3.0/mno-hw-mul\libgcc.a(lib2-mul.o)
 .debug_abbrev  0x0000000000002887       0xa9 ../SoftwareSubtrator_bsp/\libhal_bsp.a(alt_exit.o)

.debug_line     0x0000000000000000     0x296b
 *(.debug_line)
 .debug_line    0x0000000000000000       0x66 ../SoftwareSubtrator_bsp//obj/HAL/src/crt0.o
 .debug_line    0x0000000000000066       0x58 obj/default/hello_world.o
 .debug_line    0x00000000000000be       0x8e ../SoftwareSubtrator_bsp/\libhal_bsp.a(alt_load.o)
 .debug_line    0x000000000000014c       0xa4 ../SoftwareSubtrator_bsp/\libhal_bsp.a(alt_main.o)
 .debug_line    0x00000000000001f0      0x136 ../SoftwareSubtrator_bsp/\libhal_bsp.a(alt_sys_init.o)
 .debug_line    0x0000000000000326      0x12f ../SoftwareSubtrator_bsp/\libhal_bsp.a(altera_avalon_jtag_uart_fd.o)
 .debug_line    0x0000000000000455      0x18b ../SoftwareSubtrator_bsp/\libhal_bsp.a(altera_avalon_jtag_uart_init.o)
 .debug_line    0x00000000000005e0      0x131 ../SoftwareSubtrator_bsp/\libhal_bsp.a(altera_avalon_jtag_uart_ioctl.o)
 .debug_line    0x0000000000000711      0x171 ../SoftwareSubtrator_bsp/\libhal_bsp.a(altera_avalon_jtag_uart_read.o)
 .debug_line    0x0000000000000882      0x170 ../SoftwareSubtrator_bsp/\libhal_bsp.a(altera_avalon_jtag_uart_write.o)
 .debug_line    0x00000000000009f2       0xf9 ../SoftwareSubtrator_bsp/\libhal_bsp.a(alt_alarm_start.o)
 .debug_line    0x0000000000000aeb      0x165 ../SoftwareSubtrator_bsp/\libhal_bsp.a(alt_close.o)
 .debug_line    0x0000000000000c50       0x51 ../SoftwareSubtrator_bsp/\libhal_bsp.a(alt_dcache_flush_all.o)
 .debug_line    0x0000000000000ca1       0xf8 ../SoftwareSubtrator_bsp/\libhal_bsp.a(alt_dev.o)
 .debug_line    0x0000000000000d99       0xcf ../SoftwareSubtrator_bsp/\libhal_bsp.a(alt_dev_llist_insert.o)
 .debug_line    0x0000000000000e68       0x59 ../SoftwareSubtrator_bsp/\libhal_bsp.a(alt_do_ctors.o)
 .debug_line    0x0000000000000ec1       0x59 ../SoftwareSubtrator_bsp/\libhal_bsp.a(alt_do_dtors.o)
 .debug_line    0x0000000000000f1a       0x51 ../SoftwareSubtrator_bsp/\libhal_bsp.a(alt_errno.o)
 .debug_line    0x0000000000000f6b       0x4f ../SoftwareSubtrator_bsp/\libhal_bsp.a(alt_icache_flush_all.o)
 .debug_line    0x0000000000000fba       0xeb ../SoftwareSubtrator_bsp/\libhal_bsp.a(alt_iic.o)
 .debug_line    0x00000000000010a5       0xdb ../SoftwareSubtrator_bsp/\libhal_bsp.a(alt_iic_isr_register.o)
 .debug_line    0x0000000000001180      0x135 ../SoftwareSubtrator_bsp/\libhal_bsp.a(alt_io_redirect.o)
 .debug_line    0x00000000000012b5       0x6b ../SoftwareSubtrator_bsp/\libhal_bsp.a(alt_irq_entry.o)
 .debug_line    0x0000000000001320       0xaa ../SoftwareSubtrator_bsp/\libhal_bsp.a(alt_irq_handler.o)
 .debug_line    0x00000000000013ca       0x50 ../SoftwareSubtrator_bsp/\libhal_bsp.a(alt_irq_vars.o)
 .debug_line    0x000000000000141a      0x12b ../SoftwareSubtrator_bsp/\libhal_bsp.a(alt_open.o)
 .debug_line    0x0000000000001545       0xb0 ../SoftwareSubtrator_bsp/\libhal_bsp.a(alt_release_fd.o)
 .debug_line    0x00000000000015f5       0xff ../SoftwareSubtrator_bsp/\libhal_bsp.a(alt_tick.o)
 .debug_line    0x00000000000016f4       0x51 ../SoftwareSubtrator_bsp/\libhal_bsp.a(altera_nios2_gen2_irq.o)
 .debug_line    0x0000000000001745       0xb3 ../SoftwareSubtrator_bsp/\libhal_bsp.a(alt_exception_entry.o)
 .debug_line    0x00000000000017f8       0xb5 ../SoftwareSubtrator_bsp/\libhal_bsp.a(alt_find_dev.o)
 .debug_line    0x00000000000018ad       0xd1 ../SoftwareSubtrator_bsp/\libhal_bsp.a(alt_find_file.o)
 .debug_line    0x000000000000197e       0xd7 ../SoftwareSubtrator_bsp/\libhal_bsp.a(alt_get_fd.o)
 .debug_line    0x0000000000001a55       0xb9 ../SoftwareSubtrator_bsp/\libhal_bsp.a(alt_instruction_exception_entry.o)
 .debug_line    0x0000000000001b0e       0xe7 c:/intelfpga_lite/18.1/nios2eds/bin/gnu/h-x86_64-mingw32/bin/../lib/gcc/nios2-elf/5.3.0/../../../../../H-x86_64-mingw32/nios2-elf/lib/mno-hw-mul\libc.a(lib_a-atexit.o)
 .debug_line    0x0000000000001bf5      0x1fc c:/intelfpga_lite/18.1/nios2eds/bin/gnu/h-x86_64-mingw32/bin/../lib/gcc/nios2-elf/5.3.0/../../../../../H-x86_64-mingw32/nios2-elf/lib/mno-hw-mul\libc.a(lib_a-exit.o)
 .debug_line    0x0000000000001df1      0x160 c:/intelfpga_lite/18.1/nios2eds/bin/gnu/h-x86_64-mingw32/bin/../lib/gcc/nios2-elf/5.3.0/../../../../../H-x86_64-mingw32/nios2-elf/lib/mno-hw-mul\libc.a(lib_a-impure.o)
 .debug_line    0x0000000000001f51       0x5f c:/intelfpga_lite/18.1/nios2eds/bin/gnu/h-x86_64-mingw32/bin/../lib/gcc/nios2-elf/5.3.0/../../../../../H-x86_64-mingw32/nios2-elf/lib/mno-hw-mul\libc.a(lib_a-int_errno.o)
 .debug_line    0x0000000000001fb0      0x176 c:/intelfpga_lite/18.1/nios2eds/bin/gnu/h-x86_64-mingw32/bin/../lib/gcc/nios2-elf/5.3.0/../../../../../H-x86_64-mingw32/nios2-elf/lib/mno-hw-mul\libc.a(lib_a-memcmp.o)
 .debug_line    0x0000000000002126      0x18c c:/intelfpga_lite/18.1/nios2eds/bin/gnu/h-x86_64-mingw32/bin/../lib/gcc/nios2-elf/5.3.0/../../../../../H-x86_64-mingw32/nios2-elf/lib/mno-hw-mul\libc.a(lib_a-memcpy.o)
 .debug_line    0x00000000000022b2      0x16f c:/intelfpga_lite/18.1/nios2eds/bin/gnu/h-x86_64-mingw32/bin/../lib/gcc/nios2-elf/5.3.0/../../../../../H-x86_64-mingw32/nios2-elf/lib/mno-hw-mul\libc.a(lib_a-strlen.o)
 .debug_line    0x0000000000002421      0x21f c:/intelfpga_lite/18.1/nios2eds/bin/gnu/h-x86_64-mingw32/bin/../lib/gcc/nios2-elf/5.3.0/../../../../../H-x86_64-mingw32/nios2-elf/lib/mno-hw-mul\libc.a(lib_a-__atexit.o)
 .debug_line    0x0000000000002640      0x23a c:/intelfpga_lite/18.1/nios2eds/bin/gnu/h-x86_64-mingw32/bin/../lib/gcc/nios2-elf/5.3.0/../../../../../H-x86_64-mingw32/nios2-elf/lib/mno-hw-mul\libc.a(lib_a-__call_atexit.o)
 .debug_line    0x000000000000287a       0x80 c:/intelfpga_lite/18.1/nios2eds/bin/gnu/h-x86_64-mingw32/bin/../lib/gcc/nios2-elf/5.3.0/mno-hw-mul\libgcc.a(lib2-mul.o)
 .debug_line    0x00000000000028fa       0x71 ../SoftwareSubtrator_bsp/\libhal_bsp.a(alt_exit.o)

.debug_frame    0x0000000000000000      0xaac
 *(.debug_frame)
 .debug_frame   0x0000000000000000       0x34 obj/default/hello_world.o
 .debug_frame   0x0000000000000034       0x5c ../SoftwareSubtrator_bsp/\libhal_bsp.a(alt_load.o)
 .debug_frame   0x0000000000000090       0x2c ../SoftwareSubtrator_bsp/\libhal_bsp.a(alt_main.o)
 .debug_frame   0x00000000000000bc       0x88 ../SoftwareSubtrator_bsp/\libhal_bsp.a(alt_sys_init.o)
 .debug_frame   0x0000000000000144       0xb0 ../SoftwareSubtrator_bsp/\libhal_bsp.a(altera_avalon_jtag_uart_fd.o)
 .debug_frame   0x00000000000001f4       0xa4 ../SoftwareSubtrator_bsp/\libhal_bsp.a(altera_avalon_jtag_uart_init.o)
 .debug_frame   0x0000000000000298       0x34 ../SoftwareSubtrator_bsp/\libhal_bsp.a(altera_avalon_jtag_uart_ioctl.o)
 .debug_frame   0x00000000000002cc       0x38 ../SoftwareSubtrator_bsp/\libhal_bsp.a(altera_avalon_jtag_uart_read.o)
 .debug_frame   0x0000000000000304       0x38 ../SoftwareSubtrator_bsp/\libhal_bsp.a(altera_avalon_jtag_uart_write.o)
 .debug_frame   0x000000000000033c       0x34 ../SoftwareSubtrator_bsp/\libhal_bsp.a(alt_alarm_start.o)
 .debug_frame   0x0000000000000370       0x60 ../SoftwareSubtrator_bsp/\libhal_bsp.a(alt_close.o)
 .debug_frame   0x00000000000003d0       0x34 ../SoftwareSubtrator_bsp/\libhal_bsp.a(alt_dcache_flush_all.o)
 .debug_frame   0x0000000000000404       0x34 ../SoftwareSubtrator_bsp/\libhal_bsp.a(alt_dev.o)
 .debug_frame   0x0000000000000438       0x60 ../SoftwareSubtrator_bsp/\libhal_bsp.a(alt_dev_llist_insert.o)
 .debug_frame   0x0000000000000498       0x38 ../SoftwareSubtrator_bsp/\libhal_bsp.a(alt_do_ctors.o)
 .debug_frame   0x00000000000004d0       0x38 ../SoftwareSubtrator_bsp/\libhal_bsp.a(alt_do_dtors.o)
 .debug_frame   0x0000000000000508       0x34 ../SoftwareSubtrator_bsp/\libhal_bsp.a(alt_icache_flush_all.o)
 .debug_frame   0x000000000000053c       0xa4 ../SoftwareSubtrator_bsp/\libhal_bsp.a(alt_iic.o)
 .debug_frame   0x00000000000005e0       0x38 ../SoftwareSubtrator_bsp/\libhal_bsp.a(alt_iic_isr_register.o)
 .debug_frame   0x0000000000000618       0x64 ../SoftwareSubtrator_bsp/\libhal_bsp.a(alt_io_redirect.o)
 .debug_frame   0x000000000000067c       0x38 ../SoftwareSubtrator_bsp/\libhal_bsp.a(alt_irq_handler.o)
 .debug_frame   0x00000000000006b4       0x8c ../SoftwareSubtrator_bsp/\libhal_bsp.a(alt_open.o)
 .debug_frame   0x0000000000000740       0x3c ../SoftwareSubtrator_bsp/\libhal_bsp.a(alt_release_fd.o)
 .debug_frame   0x000000000000077c       0x5c ../SoftwareSubtrator_bsp/\libhal_bsp.a(alt_tick.o)
 .debug_frame   0x00000000000007d8       0x34 ../SoftwareSubtrator_bsp/\libhal_bsp.a(altera_nios2_gen2_irq.o)
 .debug_frame   0x000000000000080c       0x38 ../SoftwareSubtrator_bsp/\libhal_bsp.a(alt_find_dev.o)
 .debug_frame   0x0000000000000844       0x38 ../SoftwareSubtrator_bsp/\libhal_bsp.a(alt_find_file.o)
 .debug_frame   0x000000000000087c       0x3c ../SoftwareSubtrator_bsp/\libhal_bsp.a(alt_get_fd.o)
 .debug_frame   0x00000000000008b8       0x5c ../SoftwareSubtrator_bsp/\libhal_bsp.a(alt_instruction_exception_entry.o)
 .debug_frame   0x0000000000000914       0x20 c:/intelfpga_lite/18.1/nios2eds/bin/gnu/h-x86_64-mingw32/bin/../lib/gcc/nios2-elf/5.3.0/../../../../../H-x86_64-mingw32/nios2-elf/lib/mno-hw-mul\libc.a(lib_a-atexit.o)
 .debug_frame   0x0000000000000934       0x28 c:/intelfpga_lite/18.1/nios2eds/bin/gnu/h-x86_64-mingw32/bin/../lib/gcc/nios2-elf/5.3.0/../../../../../H-x86_64-mingw32/nios2-elf/lib/mno-hw-mul\libc.a(lib_a-exit.o)
 .debug_frame   0x000000000000095c       0x20 c:/intelfpga_lite/18.1/nios2eds/bin/gnu/h-x86_64-mingw32/bin/../lib/gcc/nios2-elf/5.3.0/../../../../../H-x86_64-mingw32/nios2-elf/lib/mno-hw-mul\libc.a(lib_a-memcmp.o)
 .debug_frame   0x000000000000097c       0x38 c:/intelfpga_lite/18.1/nios2eds/bin/gnu/h-x86_64-mingw32/bin/../lib/gcc/nios2-elf/5.3.0/../../../../../H-x86_64-mingw32/nios2-elf/lib/mno-hw-mul\libc.a(lib_a-memcpy.o)
 .debug_frame   0x00000000000009b4       0x20 c:/intelfpga_lite/18.1/nios2eds/bin/gnu/h-x86_64-mingw32/bin/../lib/gcc/nios2-elf/5.3.0/../../../../../H-x86_64-mingw32/nios2-elf/lib/mno-hw-mul\libc.a(lib_a-strlen.o)
 .debug_frame   0x00000000000009d4       0x38 c:/intelfpga_lite/18.1/nios2eds/bin/gnu/h-x86_64-mingw32/bin/../lib/gcc/nios2-elf/5.3.0/../../../../../H-x86_64-mingw32/nios2-elf/lib/mno-hw-mul\libc.a(lib_a-__atexit.o)
 .debug_frame   0x0000000000000a0c       0x54 c:/intelfpga_lite/18.1/nios2eds/bin/gnu/h-x86_64-mingw32/bin/../lib/gcc/nios2-elf/5.3.0/../../../../../H-x86_64-mingw32/nios2-elf/lib/mno-hw-mul\libc.a(lib_a-__call_atexit.o)
 .debug_frame   0x0000000000000a60       0x20 c:/intelfpga_lite/18.1/nios2eds/bin/gnu/h-x86_64-mingw32/bin/../lib/gcc/nios2-elf/5.3.0/mno-hw-mul\libgcc.a(lib2-mul.o)
 .debug_frame   0x0000000000000a80       0x2c ../SoftwareSubtrator_bsp/\libhal_bsp.a(alt_exit.o)

.debug_str      0x0000000000000000     0x1b87
 *(.debug_str)
 .debug_str     0x0000000000000000       0xae obj/default/hello_world.o
                                         0xb3 (size before relaxing)
 .debug_str     0x00000000000000ae      0x19f ../SoftwareSubtrator_bsp/\libhal_bsp.a(alt_load.o)
                                        0x221 (size before relaxing)
 .debug_str     0x000000000000024d       0x70 ../SoftwareSubtrator_bsp/\libhal_bsp.a(alt_main.o)
                                        0x1ac (size before relaxing)
 .debug_str     0x00000000000002bd      0x1a2 ../SoftwareSubtrator_bsp/\libhal_bsp.a(alt_sys_init.o)
                                        0x367 (size before relaxing)
 .debug_str     0x000000000000045f       0xb9 ../SoftwareSubtrator_bsp/\libhal_bsp.a(altera_avalon_jtag_uart_fd.o)
                                        0x3b3 (size before relaxing)
 .debug_str     0x0000000000000518       0xd1 ../SoftwareSubtrator_bsp/\libhal_bsp.a(altera_avalon_jtag_uart_init.o)
                                        0x347 (size before relaxing)
 .debug_str     0x00000000000005e9       0x4a ../SoftwareSubtrator_bsp/\libhal_bsp.a(altera_avalon_jtag_uart_ioctl.o)
                                        0x2a2 (size before relaxing)
 .debug_str     0x0000000000000633       0x7f ../SoftwareSubtrator_bsp/\libhal_bsp.a(altera_avalon_jtag_uart_read.o)
                                        0x2f7 (size before relaxing)
 .debug_str     0x00000000000006b2       0x4a ../SoftwareSubtrator_bsp/\libhal_bsp.a(altera_avalon_jtag_uart_write.o)
                                        0x2f8 (size before relaxing)
 .debug_str     0x00000000000006fc       0x59 ../SoftwareSubtrator_bsp/\libhal_bsp.a(alt_alarm_start.o)
                                        0x28d (size before relaxing)
 .debug_str     0x0000000000000755       0x44 ../SoftwareSubtrator_bsp/\libhal_bsp.a(alt_close.o)
                                        0x21a (size before relaxing)
 .debug_str     0x0000000000000799       0x34 ../SoftwareSubtrator_bsp/\libhal_bsp.a(alt_dcache_flush_all.o)
                                        0x164 (size before relaxing)
 .debug_str     0x00000000000007cd      0x120 ../SoftwareSubtrator_bsp/\libhal_bsp.a(alt_dev.o)
                                        0x314 (size before relaxing)
 .debug_str     0x00000000000008ed       0x34 ../SoftwareSubtrator_bsp/\libhal_bsp.a(alt_dev_llist_insert.o)
                                        0x1db (size before relaxing)
 .debug_str     0x0000000000000921       0x48 ../SoftwareSubtrator_bsp/\libhal_bsp.a(alt_do_ctors.o)
                                         0xdf (size before relaxing)
 .debug_str     0x0000000000000969       0x4c ../SoftwareSubtrator_bsp/\libhal_bsp.a(alt_do_dtors.o)
                                         0xde (size before relaxing)
 .debug_str     0x00000000000009b5       0x14 ../SoftwareSubtrator_bsp/\libhal_bsp.a(alt_errno.o)
                                        0x154 (size before relaxing)
 .debug_str     0x00000000000009c9       0x34 ../SoftwareSubtrator_bsp/\libhal_bsp.a(alt_icache_flush_all.o)
                                        0x164 (size before relaxing)
 .debug_str     0x00000000000009fd       0xc4 ../SoftwareSubtrator_bsp/\libhal_bsp.a(alt_iic.o)
                                        0x24d (size before relaxing)
 .debug_str     0x0000000000000ac1       0x4c ../SoftwareSubtrator_bsp/\libhal_bsp.a(alt_iic_isr_register.o)
                                        0x1f7 (size before relaxing)
 .debug_str     0x0000000000000b0d       0x56 ../SoftwareSubtrator_bsp/\libhal_bsp.a(alt_io_redirect.o)
                                        0x325 (size before relaxing)
 .debug_str     0x0000000000000b63       0x3a ../SoftwareSubtrator_bsp/\libhal_bsp.a(alt_irq_handler.o)
                                        0x1a6 (size before relaxing)
 .debug_str     0x0000000000000b9d       0x17 ../SoftwareSubtrator_bsp/\libhal_bsp.a(alt_irq_vars.o)
                                        0x149 (size before relaxing)
 .debug_str     0x0000000000000bb4       0x2f ../SoftwareSubtrator_bsp/\libhal_bsp.a(alt_open.o)
                                        0x25a (size before relaxing)
 .debug_str     0x0000000000000be3       0x28 ../SoftwareSubtrator_bsp/\libhal_bsp.a(alt_release_fd.o)
                                        0x1e2 (size before relaxing)
 .debug_str     0x0000000000000c0b       0x4a ../SoftwareSubtrator_bsp/\libhal_bsp.a(alt_tick.o)
                                        0x261 (size before relaxing)
 .debug_str     0x0000000000000c55       0x3b ../SoftwareSubtrator_bsp/\libhal_bsp.a(altera_nios2_gen2_irq.o)
                                        0x16b (size before relaxing)
 .debug_str     0x0000000000000c90       0x24 ../SoftwareSubtrator_bsp/\libhal_bsp.a(alt_find_dev.o)
                                        0x1fb (size before relaxing)
 .debug_str     0x0000000000000cb4       0x26 ../SoftwareSubtrator_bsp/\libhal_bsp.a(alt_find_file.o)
                                        0x209 (size before relaxing)
 .debug_str     0x0000000000000cda       0x30 ../SoftwareSubtrator_bsp/\libhal_bsp.a(alt_get_fd.o)
                                        0x22b (size before relaxing)
 .debug_str     0x0000000000000d0a      0x48b ../SoftwareSubtrator_bsp/\libhal_bsp.a(alt_instruction_exception_entry.o)
                                        0x5af (size before relaxing)
 .debug_str     0x0000000000001195      0x17c c:/intelfpga_lite/18.1/nios2eds/bin/gnu/h-x86_64-mingw32/bin/../lib/gcc/nios2-elf/5.3.0/../../../../../H-x86_64-mingw32/nios2-elf/lib/mno-hw-mul\libc.a(lib_a-atexit.o)
                                        0x221 (size before relaxing)
 .debug_str     0x0000000000001311      0x3b5 c:/intelfpga_lite/18.1/nios2eds/bin/gnu/h-x86_64-mingw32/bin/../lib/gcc/nios2-elf/5.3.0/../../../../../H-x86_64-mingw32/nios2-elf/lib/mno-hw-mul\libc.a(lib_a-exit.o)
                                        0x5be (size before relaxing)
 .debug_str     0x00000000000016c6       0xd6 c:/intelfpga_lite/18.1/nios2eds/bin/gnu/h-x86_64-mingw32/bin/../lib/gcc/nios2-elf/5.3.0/../../../../../H-x86_64-mingw32/nios2-elf/lib/mno-hw-mul\libc.a(lib_a-impure.o)
                                        0x5b5 (size before relaxing)
 .debug_str     0x000000000000179c       0x3f c:/intelfpga_lite/18.1/nios2eds/bin/gnu/h-x86_64-mingw32/bin/../lib/gcc/nios2-elf/5.3.0/../../../../../H-x86_64-mingw32/nios2-elf/lib/mno-hw-mul\libc.a(lib_a-int_errno.o)
                                        0x1dd (size before relaxing)
 .debug_str     0x00000000000017db       0xda c:/intelfpga_lite/18.1/nios2eds/bin/gnu/h-x86_64-mingw32/bin/../lib/gcc/nios2-elf/5.3.0/../../../../../H-x86_64-mingw32/nios2-elf/lib/mno-hw-mul\libc.a(lib_a-memcmp.o)
                                        0x1e4 (size before relaxing)
 .debug_str     0x00000000000018b5       0x6b c:/intelfpga_lite/18.1/nios2eds/bin/gnu/h-x86_64-mingw32/bin/../lib/gcc/nios2-elf/5.3.0/../../../../../H-x86_64-mingw32/nios2-elf/lib/mno-hw-mul\libc.a(lib_a-memcpy.o)
                                        0x20b (size before relaxing)
 .debug_str     0x0000000000001920       0x51 c:/intelfpga_lite/18.1/nios2eds/bin/gnu/h-x86_64-mingw32/bin/../lib/gcc/nios2-elf/5.3.0/../../../../../H-x86_64-mingw32/nios2-elf/lib/mno-hw-mul\libc.a(lib_a-strlen.o)
                                        0x1f7 (size before relaxing)
 .debug_str     0x0000000000001971       0x3f c:/intelfpga_lite/18.1/nios2eds/bin/gnu/h-x86_64-mingw32/bin/../lib/gcc/nios2-elf/5.3.0/../../../../../H-x86_64-mingw32/nios2-elf/lib/mno-hw-mul\libc.a(lib_a-__atexit.o)
                                        0x5f6 (size before relaxing)
 .debug_str     0x00000000000019b0       0x65 c:/intelfpga_lite/18.1/nios2eds/bin/gnu/h-x86_64-mingw32/bin/../lib/gcc/nios2-elf/5.3.0/../../../../../H-x86_64-mingw32/nios2-elf/lib/mno-hw-mul\libc.a(lib_a-__call_atexit.o)
                                        0x5e2 (size before relaxing)
 .debug_str     0x0000000000001a15      0x148 c:/intelfpga_lite/18.1/nios2eds/bin/gnu/h-x86_64-mingw32/bin/../lib/gcc/nios2-elf/5.3.0/mno-hw-mul\libgcc.a(lib2-mul.o)
                                        0x193 (size before relaxing)
 .debug_str     0x0000000000001b5d       0x2a ../SoftwareSubtrator_bsp/\libhal_bsp.a(alt_exit.o)
                                        0x160 (size before relaxing)

.debug_loc      0x0000000000000000      0x803
 *(.debug_loc)
 .debug_loc     0x0000000000000000       0x2c c:/intelfpga_lite/18.1/nios2eds/bin/gnu/h-x86_64-mingw32/bin/../lib/gcc/nios2-elf/5.3.0/../../../../../H-x86_64-mingw32/nios2-elf/lib/mno-hw-mul\libc.a(lib_a-atexit.o)
 .debug_loc     0x000000000000002c       0x1e c:/intelfpga_lite/18.1/nios2eds/bin/gnu/h-x86_64-mingw32/bin/../lib/gcc/nios2-elf/5.3.0/../../../../../H-x86_64-mingw32/nios2-elf/lib/mno-hw-mul\libc.a(lib_a-exit.o)
 .debug_loc     0x000000000000004a      0x126 c:/intelfpga_lite/18.1/nios2eds/bin/gnu/h-x86_64-mingw32/bin/../lib/gcc/nios2-elf/5.3.0/../../../../../H-x86_64-mingw32/nios2-elf/lib/mno-hw-mul\libc.a(lib_a-memcmp.o)
 .debug_loc     0x0000000000000170      0x266 c:/intelfpga_lite/18.1/nios2eds/bin/gnu/h-x86_64-mingw32/bin/../lib/gcc/nios2-elf/5.3.0/../../../../../H-x86_64-mingw32/nios2-elf/lib/mno-hw-mul\libc.a(lib_a-memcpy.o)
 .debug_loc     0x00000000000003d6       0x47 c:/intelfpga_lite/18.1/nios2eds/bin/gnu/h-x86_64-mingw32/bin/../lib/gcc/nios2-elf/5.3.0/../../../../../H-x86_64-mingw32/nios2-elf/lib/mno-hw-mul\libc.a(lib_a-strlen.o)
 .debug_loc     0x000000000000041d      0x185 c:/intelfpga_lite/18.1/nios2eds/bin/gnu/h-x86_64-mingw32/bin/../lib/gcc/nios2-elf/5.3.0/../../../../../H-x86_64-mingw32/nios2-elf/lib/mno-hw-mul\libc.a(lib_a-__atexit.o)
 .debug_loc     0x00000000000005a2      0x1ce c:/intelfpga_lite/18.1/nios2eds/bin/gnu/h-x86_64-mingw32/bin/../lib/gcc/nios2-elf/5.3.0/../../../../../H-x86_64-mingw32/nios2-elf/lib/mno-hw-mul\libc.a(lib_a-__call_atexit.o)
 .debug_loc     0x0000000000000770       0x93 c:/intelfpga_lite/18.1/nios2eds/bin/gnu/h-x86_64-mingw32/bin/../lib/gcc/nios2-elf/5.3.0/mno-hw-mul\libgcc.a(lib2-mul.o)

.debug_macinfo
 *(.debug_macinfo)

.debug_weaknames
 *(.debug_weaknames)

.debug_funcnames
 *(.debug_funcnames)

.debug_typenames
 *(.debug_typenames)

.debug_varnames
 *(.debug_varnames)

.debug_alt_sim_info
                0x0000000000000000       0x10
 *(.debug_alt_sim_info)
 .debug_alt_sim_info
                0x0000000000000000       0x10 ../SoftwareSubtrator_bsp//obj/HAL/src/crt0.o
                0x0000000000010000                __alt_data_end = 0x10000
                0x0000000000010000                PROVIDE (__alt_stack_pointer, __alt_data_end)
                [!provide]                        PROVIDE (__alt_stack_limit, __alt_stack_base)
                [!provide]                        PROVIDE (__alt_heap_start, end)
                [!provide]                        PROVIDE (__alt_heap_limit, 0x10000)
OUTPUT(SoftwareSubtrator.elf elf32-littlenios2)

.debug_ranges   0x0000000000000000      0x178
 .debug_ranges  0x0000000000000000       0x20 ../SoftwareSubtrator_bsp//obj/HAL/src/crt0.o
 .debug_ranges  0x0000000000000020       0x30 ../SoftwareSubtrator_bsp/\libhal_bsp.a(altera_avalon_jtag_uart_init.o)
 .debug_ranges  0x0000000000000050       0x18 ../SoftwareSubtrator_bsp/\libhal_bsp.a(altera_avalon_jtag_uart_read.o)
 .debug_ranges  0x0000000000000068       0x28 ../SoftwareSubtrator_bsp/\libhal_bsp.a(alt_irq_entry.o)
 .debug_ranges  0x0000000000000090       0x10 ../SoftwareSubtrator_bsp/\libhal_bsp.a(alt_irq_handler.o)
 .debug_ranges  0x00000000000000a0       0x30 ../SoftwareSubtrator_bsp/\libhal_bsp.a(alt_exception_entry.o)
 .debug_ranges  0x00000000000000d0       0x18 ../SoftwareSubtrator_bsp/\libhal_bsp.a(alt_instruction_exception_entry.o)
 .debug_ranges  0x00000000000000e8       0x10 c:/intelfpga_lite/18.1/nios2eds/bin/gnu/h-x86_64-mingw32/bin/../lib/gcc/nios2-elf/5.3.0/../../../../../H-x86_64-mingw32/nios2-elf/lib/mno-hw-mul\libc.a(lib_a-atexit.o)
 .debug_ranges  0x00000000000000f8       0x10 c:/intelfpga_lite/18.1/nios2eds/bin/gnu/h-x86_64-mingw32/bin/../lib/gcc/nios2-elf/5.3.0/../../../../../H-x86_64-mingw32/nios2-elf/lib/mno-hw-mul\libc.a(lib_a-exit.o)
 .debug_ranges  0x0000000000000108       0x10 c:/intelfpga_lite/18.1/nios2eds/bin/gnu/h-x86_64-mingw32/bin/../lib/gcc/nios2-elf/5.3.0/../../../../../H-x86_64-mingw32/nios2-elf/lib/mno-hw-mul\libc.a(lib_a-memcmp.o)
 .debug_ranges  0x0000000000000118       0x10 c:/intelfpga_lite/18.1/nios2eds/bin/gnu/h-x86_64-mingw32/bin/../lib/gcc/nios2-elf/5.3.0/../../../../../H-x86_64-mingw32/nios2-elf/lib/mno-hw-mul\libc.a(lib_a-memcpy.o)
 .debug_ranges  0x0000000000000128       0x10 c:/intelfpga_lite/18.1/nios2eds/bin/gnu/h-x86_64-mingw32/bin/../lib/gcc/nios2-elf/5.3.0/../../../../../H-x86_64-mingw32/nios2-elf/lib/mno-hw-mul\libc.a(lib_a-strlen.o)
 .debug_ranges  0x0000000000000138       0x10 c:/intelfpga_lite/18.1/nios2eds/bin/gnu/h-x86_64-mingw32/bin/../lib/gcc/nios2-elf/5.3.0/../../../../../H-x86_64-mingw32/nios2-elf/lib/mno-hw-mul\libc.a(lib_a-__atexit.o)
 .debug_ranges  0x0000000000000148       0x30 c:/intelfpga_lite/18.1/nios2eds/bin/gnu/h-x86_64-mingw32/bin/../lib/gcc/nios2-elf/5.3.0/../../../../../H-x86_64-mingw32/nios2-elf/lib/mno-hw-mul\libc.a(lib_a-__call_atexit.o)
